[leffet.in/index.html]
[backblue.gif]
[fade.gif]
[index.html]
[leffet.in/img/faviconad87.ico]
[connect.facebook.net/en_US/fbevents.js]
[leffet.in/themes/leo_qos/assets/css/theme.css]
[leffet.in/modules/blockreassurance/views/css/front.css]
[leffet.in/themes/leo_qos/modules/leoslideshow/views/css/typo/typo.css]
[leffet.in/themes/leo_qos/modules/leoslideshow/views/css/iView/iview.css]
[leffet.in/themes/leo_qos/modules/leoslideshow/views/css/iView/skin_4_responsive/style.css]
[leffet.in/themes/leo_qos/modules/leoquicklogin/views/css/front.css]
[leffet.in/modules/leofeature/views/css/jquery.mCustomScrollbar.css]
[leffet.in/themes/leo_qos/modules/leofeature/views/css/front.css]
[leffet.in/themes/leo_qos/modules/leoblog/views/css/leoblog.css]
[leffet.in/modules/facebookpsconnect/views/css/hook.css]
[leffet.in/modules/facebookpsconnect/views/css/bootstrap-social.css]
[leffet.in/modules/facebookpsconnect/views/css/font-awesome.css]
[leffet.in/modules/facebookpsconnect/views/css/connectors.css]
[leffet.in/modules/arcontactus/views/css/jquery.contactus.min.css]
[leffet.in/modules/arcontactus/views/css/generated-desktop.css]
[leffet.in/modules/baproductscarousel/views/css/assets/owl.carousel.min.css]
[leffet.in/modules/baproductscarousel/views/css/assets/owl.theme.default.min.css]
[leffet.in/modules/baproductscarousel/views/css/assets/animate.css]
[leffet.in/modules/baproductscarousel/views/css/baslider.css]
[leffet.in/modules/g_testimonial/views/css/front/testimonial.css]
[leffet.in/modules/boninstagramslick/views/css/boninstagramslick.css]
[leffet.in/modules/boninstagramslick/views/css/slick.css]
[leffet.in/modules/boninstagramslick/views/css/slick-theme.css]
[leffet.in/js/jquery/ui/themes/base/minified/jquery-ui.min.css]
[leffet.in/js/jquery/ui/themes/base/minified/jquery.ui.theme.min.css]
[leffet.in/js/jquery/plugins/fancybox/jquery.fancybox.css]
[leffet.in/modules/blockgrouptop/views/css/blockgrouptop.css]
[leffet.in/themes/leo_qos/modules/leoproductsearch/views/css/leosearch.css]
[leffet.in/modules/leoproductsearch/views/css/jquery.autocomplete_productsearch.css]
[leffet.in/themes/leo_qos/assets/css/custom.css]
[leffet.in/modules/appagebuilder/views/css/animate.css]
[leffet.in/themes/leo_qos/modules/appagebuilder/views/css/owl.carousel.css]
[leffet.in/themes/leo_qos/modules/appagebuilder/views/css/owl.theme.css]
[leffet.in/themes/leo_qos/modules/appagebuilder/views/css/slick-theme.css]
[leffet.in/themes/leo_qos/modules/appagebuilder/views/css/slick.css]
[leffet.in/themes/leo_qos/modules/appagebuilder/views/css/ApImageHotspot.css]
[leffet.in/themes/leo_qos/modules/appagebuilder/views/css/styles.css]
[leffet.in/modules/appagebuilder/views/css/unique.css]
[leffet.in/themes/leo_qos/modules/appagebuilder/views/css/positions/headerposition1501866647.css]
[leffet.in/themes/leo_qos/modules/appagebuilder/views/css/positions/footerposition2878685553.css]
[leffet.in/themes/leo_qos/modules/appagebuilder/views/css/profiles/profile2148522184.css]
[leffet.in/themes/leo_qos/modules/appagebuilder/views/css/patterns/profile-1612869183.css]
[leffet.in/modules/facebookpsconnect/views/js/jquery-1.11.0.min.js]
[leffet.in/modules/facebookpsconnect/views/js/module.js]
[code.jquery.com/jquery-3.3.1.min.js]
[leffet.in/modules/baproductscarousel/views/js/assets/owl.carousel.js]
[leffet.in/themes/_libraries/font-awesome/css/font-awesome.css]
[www.google-analytics.com/analytics.js]
[kit.fontawesome.com/a076d05399.js]
[leffet.in/themes/leo_qos/assets/img/modules/appagebuilder/images/white-logo.png]
[leffet.in/content/4-about-us.html]
[leffet.in/17-üzvi.html]
[leffet.in/15-pariza.html]
[leffet.in/16-ikattra.html]
[leffet.in/19-utsav.html]
[leffet.in/2-all-collections.html]
[leffet.in/18-most-loved.html]
[leffet.in/loginfd9a.html]
[leffet.in/cart75f4.html]
[leffet.in/loginfdcb.html]
[leffet.in/modules/blockreassurance/views/img/img_perso/craftedfor-class-icon.png]
[leffet.in/modules/blockreassurance/views/img/img_perso/timeless-classic-icon.png]
[leffet.in/modules/blockreassurance/views/img/img_perso/freedom.png]
[leffet.in/themes/leo_qos/assets/img/modules/leoslideshow/website_banner_1.jpg]
[leffet.in/modules/blockreassurance/views/img/img_perso/worl-shipping.png]
[leffet.in/themes/leo_qos/assets/img/modules/appagebuilder/video/leffet_about.mp4]
[leffet.in/themes/leo_qos/assets/img/modules/appagebuilder/video/leffet_about.ogg]
[leffet.in/content/8-leffet-s-art-elements.html]
[leffet.in/themes/leo_qos/assets/img/modules/appagebuilder/images/Artboard 1.png]
[leffet.in/themes/leo_qos/assets/img/modules/appagebuilder/images/Artboard 2.png]
[leffet.in/themes/leo_qos/assets/img/modules/appagebuilder/images/Artboard 3.png]
[leffet.in/themes/leo_qos/assets/img/modules/appagebuilder/images/pariza.png]
[leffet.in/themes/leo_qos/assets/img/modules/appagebuilder/images/uzvi.png]
[leffet.in/themes/leo_qos/assets/img/modules/appagebuilder/images/ikattra.png]
[leffet.in/all-collections/66-lp0012.html]
[leffet.in/558-home_default/lp0012.jpg]
[leffet.in/all-collections/69-lp0015.html]
[leffet.in/561-home_default/lp0015.jpg]
[leffet.in/all-collections/70-lp0016.html]
[leffet.in/566-home_default/lp0016.jpg]
[leffet.in/all-collections/75-lp0033.html]
[leffet.in/586-home_default/lp0033.jpg]
[leffet.in/all-collections/79-lp0036.html]
[leffet.in/600-home_default/lp0036.jpg]
[leffet.in/all-collections/80-lp0037.html]
[leffet.in/604-home_default/lp0037.jpg]
[leffet.in/all-collections/82-lp0039.html]
[leffet.in/612-home_default/lp0039.jpg]
[leffet.in/all-collections/83-lp0041.html]
[leffet.in/616-home_default/lp0041.jpg]
[leffet.in/all-collections/84-lp0042.html]
[leffet.in/620-home_default/lp0042.jpg]
[leffet.in/utsav/148-lsm1022.html]
[leffet.in/776-home_default/lsm1022.jpg]
[leffet.in/modules/boninstagramslick/views/img/parseImg/sample-1.jpg]
[leffet.in/modules/boninstagramslick/views/img/parseImg/sample-2.jpg]
[leffet.in/modules/boninstagramslick/views/img/parseImg/sample-3.jpg]
[leffet.in/modules/boninstagramslick/views/img/parseImg/sample-4.jpg]
[leffet.in/modules/boninstagramslick/views/img/parseImg/sample-5.jpg]
[leffet.in/modules/boninstagramslick/views/img/parseImg/sample-6.jpg]
[leffet.in/modules/boninstagramslick/views/img/parseImg/sample-7.jpg]
[leffet.in/modules/boninstagramslick/views/img/parseImg/sample-8.jpg]
[leffet.in/modules/boninstagramslick/views/img/parseImg/sample-9.jpg]
[leffet.in/modules/boninstagramslick/views/img/parseImg/sample-10.jpg]
[leffet.in/modules/boninstagramslick/views/img/parseImg/sample-11.jpg]
[leffet.in/modules/boninstagramslick/views/img/parseImg/sample-12.jpg]
[leffet.in/modules/g_testimonial/views/img/quoteicon.png]
[leffet.in/contact-us.html]
[leffet.in/content/6-privacy-policy.html]
[leffet.in/content/11-size-chart.html]
[leffet.in/content/3-terms-and-conditions.html]
[leffet.in/content/7-shipping-refund-policy.html]
[leffet.in/themes/core.js]
[leffet.in/themes/leo_qos/assets/js/theme.js]
[leffet.in/modules/ps_emailsubscription/views/js/ps_emailsubscription.js]
[leffet.in/modules/blockreassurance/views/js/front.js]
[leffet.in/modules/leoslideshow/views/js/iView/raphael-min.js]
[leffet.in/modules/leoslideshow/views/js/iView/iview.js]
[leffet.in/modules/leoslideshow/views/js/leoslideshow.js]
[leffet.in/modules/leoquicklogin/views/js/leoquicklogin.js]
[leffet.in/modules/leofeature/views/js/leofeature_cart.js]
[leffet.in/modules/leofeature/views/js/jquery.mousewheel.min.js]
[leffet.in/modules/leofeature/views/js/jquery.mCustomScrollbar.js]
[leffet.in/modules/leofeature/views/js/jquery.rating.pack.js]
[leffet.in/modules/leofeature/views/js/leofeature_review.js]
[leffet.in/modules/leofeature/views/js/leofeature_wishlist.js]
[leffet.in/modules/arcontactus/views/js/jquery.contactus.min.js]
[leffet.in/modules/arcontactus/views/js/scripts.js]
[leffet.in/modules/baproductscarousel/views/js/slidebutton.js]
[leffet.in/modules/g_testimonial/views/js/front/testimonial.js]
[leffet.in/modules/ps_googleanalytics/views/js/GoogleAnalyticActionLib.js]
[leffet.in/modules/appagebuilder/views/js/countdown.js]
[leffet.in/modules/boninstagramslick/views/js/slick.js]
[leffet.in/modules/boninstagramslick/views/js/slick-front.js]
[leffet.in/js/jquery/ui/jquery-ui.min.js]
[leffet.in/js/jquery/plugins/fancybox/jquery.fancybox.js]
[leffet.in/modules/ps_searchbar/ps_searchbar.js]
[leffet.in/modules/leobootstrapmenu/views/js/leobootstrapmenu.js]
[leffet.in/modules/ps_shoppingcart/ps_shoppingcart.js]
[leffet.in/modules/blockgrouptop/views/js/blockgrouptop.js]
[leffet.in/modules/leoproductsearch/views/js/jquery.autocomplete_productsearch.js]
[leffet.in/modules/leoproductsearch/views/js/leosearch.js]
[leffet.in/themes/leo_qos/assets/js/custom.js]
[leffet.in/themes/leo_qos/assets/js/jquery.bpopup.min.js]
[leffet.in/modules/appagebuilder/views/js/waypoints.min.js]
[leffet.in/modules/appagebuilder/views/js/instafeed.min.js]
[leffet.in/modules/appagebuilder/views/js/jquery.stellar.js]
[leffet.in/modules/appagebuilder/views/js/owl.carousel.js]
[leffet.in/modules/appagebuilder/views/js/imagesloaded.pkgd.min.js]
[leffet.in/modules/appagebuilder/views/js/slick.js]
[leffet.in/modules/appagebuilder/views/js/jquery.elevatezoom.js]
[leffet.in/modules/appagebuilder/views/js/ApImageHotspot.js]
[leffet.in/index.html]
[leffet.in/modules/appagebuilder/views/js/script.js]
[leffet.in/c]
[leffet.in/b]
[leffet.in/POST]
[connect.facebook.net/en_US/fbevents.js]
[leffet.in/themes/leo_qos/assets/fonts/quentin-webfont.eot]
[leffet.in/themes/leo_qos/assets/fonts/quentin-webfontd41d.eot]
[leffet.in/themes/leo_qos/assets/fonts/quentin-webfont.woff2]
[leffet.in/themes/leo_qos/assets/fonts/quentin-webfont.woff]
[leffet.in/themes/leo_qos/assets/fonts/quentin-webfont.ttf]
[leffet.in/themes/leo_qos/assets/fonts/quentin-webfont.svg]
[leffet.in/themes/leo_qos/assets/fonts/MaterialIcons-Regular.eot]
[leffet.in/themes/leo_qos/assets/fonts/MaterialIcons-Regular.woff2]
[leffet.in/themes/leo_qos/assets/fonts/MaterialIcons-Regular.woff]
[leffet.in/themes/leo_qos/assets/fonts/MaterialIcons-Regular.ttf]
[leffet.in/themes/leo_qos/assets/fonts/SofiaPro-Medium.woff]
[leffet.in/themes/leo_qos/assets/fonts/SofiaPro-Medium.woff2]
[leffet.in/themes/leo_qos/assets/fonts/SofiaProRegular.woff]
[leffet.in/themes/leo_qos/assets/fonts/SofiaProRegular.woff2]
[leffet.in/themes/leo_qos/assets/fonts/SofiaPro-Bold.woff]
[leffet.in/themes/leo_qos/assets/fonts/SofiaPro-Bold.woff2]
[leffet.in/themes/leo_qos/assets/fonts/SofiaPro-Light.woff]
[leffet.in/themes/leo_qos/assets/fonts/SofiaPro-Light.woff2]
[leffet.in/themes/leo_qos/assets/fonts/SofiaPro-SemiBold.woff]
[leffet.in/themes/leo_qos/assets/fonts/SofiaPro-SemiBold.woff2]
[leffet.in/themes/leo_qos/assets/fonts/SofiaPro-UltraLight.woff]
[leffet.in/themes/leo_qos/assets/fonts/SofiaPro-UltraLight.woff2]
[leffet.in/themes/leo_qos/assets/fonts/icomoon8549.woff]
[leffet.in/themes/leo_qos/assets/fonts/fontawesome-webfont3e6e.eot]
[leffet.in/themes/leo_qos/assets/fonts/fontawesome-webfontd41d.eot]
[leffet.in/themes/leo_qos/assets/fonts/fontawesome-webfont3e6e.woff2]
[leffet.in/themes/leo_qos/assets/fonts/fontawesome-webfont3e6e.woff]
[leffet.in/themes/leo_qos/assets/fonts/fontawesome-webfont3e6e.ttf]
[leffet.in/themes/leo_qos/assets/fonts/fontawesome-webfont3e6e.svg]
[leffet.in/themes/leo_qos/assets/img/plus.png]
[leffet.in/themes/leo_qos/assets/css/theme.css]
[leffet.in/modules/blockreassurance/views/css/front.css]
[leffet.in/modules/ccavenue/views/css/ccavenue.css]
[leffet.in/themes/leo_qos/assets/img/bg-breadcrumb.jpg]
[leffet.in/themes/leo_qos/modules/leoslideshow/views/css/images/gradient/g40.png]
[leffet.in/themes/leo_qos/modules/leoslideshow/views/css/assets/shadow1.png]
[leffet.in/themes/leo_qos/modules/leoslideshow/views/css/assets/shadow2.png]
[leffet.in/themes/leo_qos/modules/leoslideshow/views/css/assets/shadow3.png]
[leffet.in/themes/leo_qos/modules/leoslideshow/views/css/assets/boxed_bgtile.png]
[leffet.in/themes/leo_qos/modules/leoslideshow/views/css/assets/navigdots_bgtile.png]
[leffet.in/themes/leo_qos/modules/leoslideshow/views/css/assets/bullet.png]
[leffet.in/themes/leo_qos/modules/leoslideshow/views/css/assets/bullets.png]
[leffet.in/themes/leo_qos/modules/leoslideshow/views/css/assets/bullets2.png]
[leffet.in/themes/leo_qos/modules/leoslideshow/views/css/assets/bullet_boxed.png]
[leffet.in/themes/leo_qos/modules/leoslideshow/views/css/assets/navigdots.png]
[leffet.in/themes/leo_qos/modules/leoslideshow/views/css/assets/large_left.png]
[leffet.in/themes/leo_qos/modules/leoslideshow/views/css/assets/large_right.png]
[leffet.in/themes/leo_qos/modules/leoslideshow/views/css/assets/small_left.png]
[leffet.in/themes/leo_qos/modules/leoslideshow/views/css/assets/small_right.png]
[leffet.in/themes/leo_qos/modules/leoslideshow/views/css/assets/arrow_left.png]
[leffet.in/themes/leo_qos/modules/leoslideshow/views/css/assets/arrow_right.png]
[leffet.in/themes/leo_qos/modules/leoslideshow/views/css/assets/small_left_boxed.png]
[leffet.in/themes/leo_qos/modules/leoslideshow/views/css/assets/small_right_boxed.png]
[leffet.in/themes/leo_qos/modules/leoslideshow/views/css/assets/arrowleft.png]
[leffet.in/themes/leo_qos/modules/leoslideshow/views/css/assets/arrowright.png]
[leffet.in/themes/leo_qos/modules/leoslideshow/views/css/assets/arrow_left2.png]
[leffet.in/themes/leo_qos/modules/leoslideshow/views/css/assets/arrow_right2.png]
[leffet.in/themes/leo_qos/modules/leoslideshow/views/css/assets/timer.png]
[leffet.in/themes/leo_qos/modules/leoslideshow/views/css/assets/coloredbg.png]
[leffet.in/themes/leo_qos/modules/leoslideshow/views/css/assets/loader.gif]
[leffet.in/themes/leo_qos/modules/leoslideshow/views/css/typo/typo.css]
[leffet.in/themes/leo_qos/modules/leoslideshow/views/css/iView/iview.css]
[leffet.in/themes/leo_qos/modules/leoslideshow/views/css/iView/skin_4_responsive/$slide-image-path/iView/tooltip.png]
[leffet.in/themes/leo_qos/modules/leoslideshow/views/css/iView/skin_4_responsive/style.css]
[leffet.in/themes/leo_qos/assets/img/modules/leoquicklogin/img/close.png]
[leffet.in/themes/leo_qos/modules/leoquicklogin/views/img/user-icon-sm.png]
[leffet.in/themes/leo_qos/modules/leoquicklogin/views/img/key-icon.png]
[leffet.in/themes/leo_qos/modules/leoquicklogin/views/css/front.css]
[leffet.in/modules/leofeature/views/css/mCSB_buttons.png]
[leffet.in/modules/leofeature/views/css/jquery.mCustomScrollbar.css]
[leffet.in/themes/leo_qos/modules/leofeature/views/css/front.css]
[leffet.in/themes/leo_qos/modules/leoblog/views/css/leoblog.css]
[leffet.in/modules/facebookpsconnect/views/img/bt_sprite2.png]
[leffet.in/modules/facebookpsconnect/views/css/hook.css]
[leffet.in/modules/facebookpsconnect/views/img/bt_sprite_mini.png]
[leffet.in/modules/facebookpsconnect/views/fonts/Roboto-Medium.ttf]
[leffet.in/modules/facebookpsconnect/views/css/bootstrap-social.css]
[leffet.in/modules/facebookpsconnect/views/img/google_icon.svg]
[leffet.in/modules/facebookpsconnect/views/fonts/fontawesome-webfont5b62.eot]
[leffet.in/modules/facebookpsconnect/views/fonts/fontawesome-webfontd41d.eot]
[leffet.in/modules/facebookpsconnect/views/fonts/fontawesome-webfont5b62.woff2]
[leffet.in/modules/facebookpsconnect/views/fonts/fontawesome-webfont5b62.woff]
[leffet.in/modules/facebookpsconnect/views/fonts/fontawesome-webfont5b62.ttf]
[leffet.in/modules/facebookpsconnect/views/css/font-awesome.css]
[leffet.in/modules/facebookpsconnect/views/css/connectors.css]
[leffet.in/modules/facebookpsconnect/views/fonts/fontawesome-webfont5b62.svg]
[leffet.in/modules/arcontactus/views/img/ring-alt.gif]
[leffet.in/modules/arcontactus/views/img/close.svg]
[leffet.in/modules/arcontactus/views/css/jquery.contactus.min.css]
[leffet.in/modules/arcontactus/views/css/generated-desktop.css]
[leffet.in/modules/arcontactus/views/img/loading.svg]
[leffet.in/modules/baproductscarousel/views/css/assets/owl.video.play.png]
[leffet.in/modules/baproductscarousel/views/css/assets/owl.carousel.min.css]
[leffet.in/modules/baproductscarousel/views/css/assets/owl.theme.default.min.css]
[leffet.in/modules/baproductscarousel/views/css/assets/animate.css]
[leffet.in/modules/baproductscarousel/views/css/baslider.css]
[leffet.in/modules/g_testimonial/views/css/front/testimonial.css]
[leffet.in/modules/boninstagramslick/views/css/boninstagramslick.css]
[leffet.in/modules/boninstagramslick/views/css/slick.css]
[leffet.in/modules/g_testimonial/views/img/stars_rating.png]
[leffet.in/modules/boninstagramslick/views/img/ajax-loader.gif]
[leffet.in/modules/boninstagramslick/views/fonts/slick.eot]
[leffet.in/modules/boninstagramslick/views/fonts/slickd41d.eot]
[leffet.in/modules/boninstagramslick/views/fonts/slick.woff]
[leffet.in/modules/boninstagramslick/views/fonts/slick.ttf]
[leffet.in/modules/boninstagramslick/views/css/slick-theme.css]
[leffet.in/modules/boninstagramslick/views/fonts/slick.svg]
[leffet.in/js/jquery/ui/themes/base/minified/images/ui-bg_flat_75_ffffff_40x100.png]
[leffet.in/js/jquery/ui/themes/base/minified/images/ui-bg_highlight-soft_75_cccccc_1x100.png]
[leffet.in/js/jquery/ui/themes/base/minified/images/ui-bg_glass_75_e6e6e6_1x400.png]
[leffet.in/js/jquery/ui/themes/base/minified/images/ui-bg_glass_75_dadada_1x400.png]
[leffet.in/js/jquery/ui/themes/base/minified/images/ui-bg_glass_65_ffffff_1x400.png]
[leffet.in/js/jquery/ui/themes/base/minified/images/ui-bg_glass_55_fbf9ee_1x400.png]
[leffet.in/js/jquery/ui/themes/base/minified/images/ui-bg_glass_95_fef1ec_1x400.png]
[leffet.in/js/jquery/ui/themes/base/minified/images/ui-icons_222222_256x240.png]
[leffet.in/js/jquery/ui/themes/base/minified/images/ui-icons_888888_256x240.png]
[leffet.in/js/jquery/ui/themes/base/minified/images/ui-icons_454545_256x240.png]
[leffet.in/js/jquery/ui/themes/base/minified/images/ui-icons_2e83ff_256x240.png]
[leffet.in/js/jquery/ui/themes/base/minified/images/ui-icons_cd0a0a_256x240.png]
[leffet.in/js/jquery/ui/themes/base/minified/images/ui-bg_flat_0_aaaaaa_40x100.png]
[leffet.in/js/jquery/ui/themes/base/minified/jquery-ui.min.css]
[leffet.in/js/jquery/ui/themes/base/minified/jquery.ui.theme.min.css]
[leffet.in/js/jquery/plugins/fancybox/fancybox_sprite.png]
[leffet.in/js/jquery/plugins/fancybox/fancybox_loading.gif]
[leffet.in/js/jquery/plugins/fancybox/blank.gif]
[leffet.in/js/jquery/plugins/fancybox/fancybox_overlay.png]
[leffet.in/js/jquery/plugins/fancybox/fancybox_sprite@2x.png]
[leffet.in/js/jquery/plugins/fancybox/jquery.fancybox.css]
[leffet.in/js/jquery/plugins/fancybox/fancybox_loading@2x.gif]
[leffet.in/modules/blockgrouptop/views/css/img/block_languages_top_p_bg.png]
[leffet.in/modules/blockgrouptop/views/css/blockgrouptop.css]
[leffet.in/themes/leo_qos/modules/leoproductsearch/views/css/img/bg_search_input.png]
[leffet.in/themes/leo_qos/modules/leoproductsearch/views/css/img/bg_search_submit.png]
[leffet.in/themes/leo_qos/modules/leoproductsearch/views/css/leosearch.css]
[leffet.in/modules/leoproductsearch/views/css/jquery.autocomplete_productsearch.css]
[leffet.in/themes/leo_qos/assets/css/font/Bellerose.woff]
[leffet.in/themes/leo_qos/assets/css/custom.css]
[leffet.in/modules/appagebuilder/views/css/animate.css]
[leffet.in/themes/leo_qos/assets/img/modules/appagebuilder/img/grabbing.png]
[leffet.in/themes/leo_qos/modules/appagebuilder/views/css/owl.carousel.css]
[leffet.in/themes/leo_qos/modules/appagebuilder/views/css/owl.theme.css]
[leffet.in/themes/leo_qos/assets/img/modules/appagebuilder/img/AjaxLoader.gif]
[leffet.in/themes/leo_qos/modules/appagebuilder/views/css/slick-theme.css]
[leffet.in/themes/leo_qos/modules/appagebuilder/views/css/slick.css]
[leffet.in/themes/leo_qos/modules/appagebuilder/views/css/ApImageHotspot.css]
[leffet.in/themes/leo_qos/assets/img/modules/appagebuilder/img/ajax-loader.gif]
[leffet.in/themes/leo_qos/assets/img/modules/appagebuilder/img/bg-features.jpg]
[leffet.in/themes/leo_qos/modules/appagebuilder/views/css/styles.css]
[leffet.in/modules/appagebuilder/views/css/unique.css]
[leffet.in/themes/leo_qos/modules/appagebuilder/views/css/positions/headerposition1501866647.css]
[leffet.in/themes/leo_qos/modules/appagebuilder/views/css/positions/footerposition2878685553.css]
[leffet.in/themes/leo_qos/modules/appagebuilder/views/css/profiles/profile2148522184.css]
[leffet.in/themes/leo_qos/modules/appagebuilder/views/css/patterns/profile-1612869183.css]
[leffet.in/modules/facebookpsconnect/views/img/index.html]
[leffet.in/img/admin/index.html]
[leffet.in/modules/facebookpsconnect/ws-facebookpsconnect.html]
[leffet.in/themes/_libraries/font-awesome/fonts/fontawesome-webfont3e6e.eot]
[leffet.in/themes/_libraries/font-awesome/fonts/fontawesome-webfontd41d.eot]
[leffet.in/themes/_libraries/font-awesome/fonts/fontawesome-webfont3e6e.woff2]
[leffet.in/themes/_libraries/font-awesome/fonts/fontawesome-webfont3e6e.woff]
[leffet.in/themes/_libraries/font-awesome/fonts/fontawesome-webfont3e6e.ttf]
[leffet.in/themes/_libraries/font-awesome/css/font-awesome.css]
[leffet.in/themes/_libraries/font-awesome/fonts/fontawesome-webfont3e6e.svg]
[leffet.in/content/4-about-us.html]
[leffet.in/themes/leo_qos/assets/img/modules/appagebuilder/images/black-logo.png]
[leffet.in/modules/ps_facetedsearch/views/dist/front.css]
[leffet.in/12-dresses.html]
[leffet.in/17-üzvie563.html]
[leffet.in/17-üzvif917.html]
[leffet.in/17-üzvife2d.html]
[leffet.in/17-üzvi0279.html]
[leffet.in/17-üzvi8eb3.html]
[leffet.in/17-üzvi04e6.html]
[leffet.in/all-collections/85-210-lp001.html]
[leffet.in/494-large_default/lp001.jpg]
[leffet.in/all-collections/88-294-lp003.html]
[leffet.in/502-large_default/lp003.jpg]
[leffet.in/all-collections/89-338-lp004.html]
[leffet.in/506-large_default/lp004.jpg]
[leffet.in/all-collections/91-358-lp006.html]
[leffet.in/515-large_default/lp006.jpg]
[leffet.in/all-collections/92-362-lp007.html]
[leffet.in/518-large_default/lp007.jpg]
[leffet.in/all-collections/96-254-lp0020.html]
[leffet.in/all-collections/97-258-lp0021.html]
[leffet.in/525-large_default/lp0020.jpg]
[leffet.in/530-large_default/lp0021.jpg]
[leffet.in/all-collections/98-266-lp0023.html]
[leffet.in/534-large_default/lp0023.jpg]
[leffet.in/all-collections/99-302-lp0031.html]
[leffet.in/538-large_default/lp0031.jpg]
[leffet.in/all-collections/101-306-lp0032.html]
[leffet.in/859-large_default/lp0032.jpg]
[leffet.in/all-collections/102-342-lp0040.html]
[leffet.in/545-large_default/lp0040.jpg]
[leffet.in/all-collections/87-250-lp002.html]
[leffet.in/499-large_default/lp002.jpg]
[leffet.in/all-collections/114-354-lp005.html]
[leffet.in/js/jquery/plugins/jquery.cooki-plugin.js]
[leffet.in/17-üzvi.html]
[leffet.in/modules/ps_facetedsearch/views/dist/front.js]
[leffet.in/513-large_default/lp005.jpg]
[leffet.in/15-parizae563.html]
[leffet.in/15-parizaf917.html]
[leffet.in/15-parizafe2d.html]
[leffet.in/15-pariza0279.html]
[leffet.in/15-pariza8eb3.html]
[leffet.in/15-pariza04e6.html]
[leffet.in/all-collections/66-222-lp0012.html]
[leffet.in/558-large_default/lp0012.jpg]
[leffet.in/all-collections/67-366-lp008.html]
[leffet.in/549-large_default/lp008.jpg]
[leffet.in/all-collections/68-207-lp009.html]
[leffet.in/554-large_default/lp009.jpg]
[leffet.in/all-collections/69-234-lp0015.html]
[leffet.in/561-large_default/lp0015.jpg]
[leffet.in/all-collections/70-204-lp0016.html]
[leffet.in/566-large_default/lp0016.jpg]
[leffet.in/all-collections/72-270-lp0024.html]
[leffet.in/574-large_default/lp0024.jpg]
[leffet.in/all-collections/73-278-lp0026.html]
[leffet.in/578-large_default/lp0026.jpg]
[leffet.in/all-collections/74-286-lp0028.html]
[leffet.in/582-large_default/lp0028.jpg]
[leffet.in/all-collections/75-310-lp0033.html]
[leffet.in/586-large_default/lp0033.jpg]
[leffet.in/all-collections/76-314-lp0034.html]
[leffet.in/590-large_default/lp0034.jpg]
[leffet.in/all-collections/77-318-lp0035.html]
[leffet.in/595-large_default/lp0035.jpg]
[leffet.in/all-collections/79-322-lp0036.html]
[leffet.in/600-large_default/lp0036.jpg]
[leffet.in/all-collections/80-326-lp0037.html]
[leffet.in/604-large_default/lp0037.jpg]
[leffet.in/all-collections/81-330-lp0038.html]
[leffet.in/608-large_default/lp0038.jpg]
[leffet.in/all-collections/82-334-lp0039.html]
[leffet.in/612-large_default/lp0039.jpg]
[leffet.in/all-collections/83-346-lp0041.html]
[leffet.in/616-large_default/lp0041.jpg]
[leffet.in/all-collections/84-350-lp0042.html]
[leffet.in/620-large_default/lp0042.jpg]
[leffet.in/all-collections/71-262-lp0022.html]
[leffet.in/15-pariza.html]
[leffet.in/570-large_default/lp0022.jpg]
[leffet.in/16-ikattrae563.html]
[leffet.in/16-ikattraf917.html]
[leffet.in/16-ikattrafe2d.html]
[leffet.in/16-ikattra0279.html]
[leffet.in/16-ikattra8eb3.html]
[leffet.in/16-ikattra04e6.html]
[leffet.in/all-collections/104-214-lp0010.html]
[leffet.in/624-large_default/lp0010.jpg]
[leffet.in/all-collections/105-218-lp0011.html]
[leffet.in/626-large_default/lp0011.jpg]
[leffet.in/all-collections/106-230-lp0014.html]
[leffet.in/635-large_default/lp0014.jpg]
[leffet.in/all-collections/107-238-lp0017.html]
[leffet.in/639-large_default/lp0017.jpg]
[leffet.in/all-collections/108-242-lp0018.html]
[leffet.in/641-large_default/lp0018.jpg]
[leffet.in/all-collections/109-246-lp0019.html]
[leffet.in/647-large_default/lp0019.jpg]
[leffet.in/all-collections/110-274-lp0025.html]
[leffet.in/651-large_default/lp0025.jpg]
[leffet.in/all-collections/111-282-lp0027.html]
[leffet.in/652-large_default/lp0027.jpg]
[leffet.in/all-collections/112-290-lp0029.html]
[leffet.in/659-large_default/lp0029.jpg]
[leffet.in/all-collections/113-298-lp0030.html]
[leffet.in/663-large_default/lp0030.jpg]
[leffet.in/all-collections/95-226-lp0013.html]
[leffet.in/16-ikattra.html]
[leffet.in/631-large_default/lp0013.jpg]
[leffet.in/19-utsave563.html]
[leffet.in/19-utsavf917.html]
[leffet.in/19-utsavfe2d.html]
[leffet.in/19-utsav0279.html]
[leffet.in/19-utsav8eb3.html]
[leffet.in/19-utsav04e6.html]
[leffet.in/utsav/117-372-lsm1001.html]
[leffet.in/670-large_default/lsm1001.jpg]
[leffet.in/utsav/119-376-lsm1002.html]
[leffet.in/676-large_default/lsm1002.jpg]
[leffet.in/utsav/120-380-lsm1003.html]
[leffet.in/678-large_default/lsm1003.jpg]
[leffet.in/utsav/121-384-lsm1004.html]
[leffet.in/682-large_default/lsm1004.jpg]
[leffet.in/utsav/123-388-lsm1005.html]
[leffet.in/686-large_default/lsm1005.jpg]
[leffet.in/utsav/124-392-lsm1006.html]
[leffet.in/690-large_default/lsm1006.jpg]
[leffet.in/utsav/125-396-lp1019.html]
[leffet.in/694-large_default/lp1019.jpg]
[leffet.in/utsav/126-400-lsm1020.html]
[leffet.in/698-large_default/lsm1020.jpg]
[leffet.in/utsav/132-420-lsm1007.html]
[leffet.in/719-large_default/lsm1007.jpg]
[leffet.in/utsav/133-544-lsm1008.html]
[leffet.in/723-large_default/lsm1008.jpg]
[leffet.in/utsav/134-424-lsm1009.html]
[leffet.in/728-large_default/lsm1009.jpg]
[leffet.in/utsav/135-428-lsm1010.html]
[leffet.in/733-large_default/lsm1010.jpg]
[leffet.in/utsav/136-432-lsm1011.html]
[leffet.in/735-large_default/lsm1011.jpg]
[leffet.in/utsav/137-436-lsm1012.html]
[leffet.in/739-large_default/lsm1012.jpg]
[leffet.in/utsav/138-440-lsm1013.html]
[leffet.in/743-large_default/lsm1013.jpg]
[leffet.in/utsav/139-444-lsm1014.html]
[leffet.in/747-large_default/lsm1014.jpg]
[leffet.in/utsav/140-448-lsm1015.html]
[leffet.in/752-large_default/lsm1015.jpg]
[leffet.in/utsav/141-452-lsm1016.html]
[leffet.in/755-large_default/lsm1016.jpg]
[leffet.in/utsav/160-540-lsm1033.html]
[leffet.in/855-large_default/lsm1033.jpg]
[leffet.in/utsav/143-456-lsm1017.html]
[leffet.in/760-large_default/lsm1017.jpg]
[leffet.in/utsav/144-460-lsm1018.html]
[leffet.in/763-large_default/lsm1018.jpg]
[leffet.in/utsav/166-532-lsm1043.html]
[leffet.in/843-large_default/lsm1043.jpg]
[leffet.in/utsav/162-516-lsm1036.html]
[leffet.in/827-large_default/lsm1036.jpg]
[leffet.in/utsav/163-520-lsm1037.html]
[leffet.in/831-large_default/lsm1037.jpg]
[leffet.in/utsav/164-524-lsm1038.html]
[leffet.in/835-large_default/lsm1038.jpg]
[leffet.in/utsav/146-464-lsm1021.html]
[leffet.in/767-large_default/lsm1021.jpg]
[leffet.in/utsav/148-472-lsm1022.html]
[leffet.in/776-large_default/lsm1022.jpg]
[leffet.in/utsav/149-548-lsm1023.html]
[leffet.in/779-large_default/lsm1023.jpg]
[leffet.in/utsav/150-476-lsm1024.html]
[leffet.in/783-large_default/lsm1024.jpg]
[leffet.in/utsav/151-480-lsm1025.html]
[leffet.in/787-large_default/lsm1025.jpg]
[leffet.in/all-collections/152-484-lsm1026.html]
[leffet.in/793-large_default/lsm1026.jpg]
[leffet.in/utsav/153-488-lsm1027.html]
[leffet.in/796-large_default/lsm1027.jpg]
[leffet.in/utsav/154-492-lsm1027.html]
[leffet.in/799-large_default/lsm1027.jpg]
[leffet.in/utsav/156-496-lsm1029.html]
[leffet.in/803-large_default/lsm1029.jpg]
[leffet.in/utsav/157-500-lsm1030.html]
[leffet.in/utsav/158-504-lsm1031.html]
[leffet.in/807-large_default/lsm1030.jpg]
[leffet.in/utsav/159-508-lsm1032.html]
[leffet.in/815-large_default/lsm1032.jpg]
[leffet.in/utsav/167-536-lsm1044.html]
[leffet.in/848-large_default/lsm1044.jpg]
[leffet.in/utsav/128-408-lsm1033.html]
[leffet.in/811-large_default/lsm1031.jpg]
[leffet.in/706-large_default/lsm1033.jpg]
[leffet.in/utsav/161-512-lsm1035.html]
[leffet.in/utsav/129-412-lsm1038.html]
[leffet.in/711-large_default/lsm1038.jpg]
[leffet.in/utsav/131-416-lsm1039.html]
[leffet.in/716-large_default/lsm1039.jpg]
[leffet.in/823-large_default/lsm1035.jpg]
[leffet.in/utsav/127-404-lp1040.html]
[leffet.in/utsav/165-528-lsm1042.html]
[leffet.in/19-utsav.html]
[leffet.in/703-large_default/lp1040.jpg]
[leffet.in/839-large_default/lsm1042.jpg]
[leffet.in/2-all-collectionse563.html]
[leffet.in/2-all-collectionsf917.html]
[leffet.in/2-all-collectionsfe2d.html]
[leffet.in/2-all-collections0279.html]
[leffet.in/2-all-collections8eb3.html]
[leffet.in/2-all-collections.html]
[leffet.in/2-all-collections04e6.html]
[leffet.in/18-most-lovede563.html]
[leffet.in/18-most-lovedf917.html]
[leffet.in/18-most-lovedfe2d.html]
[leffet.in/18-most-loved0279.html]
[leffet.in/18-most-loved8eb3.html]
[leffet.in/18-most-loved.html]
[leffet.in/18-most-loved04e6.html]
[leffet.in/password-recovery.html]
[leffet.in/loginca5f.html]
[leffet.in/loginfd9a.html]
[leffet.in/cart75f4.html]
[leffet.in/loginfdcb.html]
[leffet.in/themes/leo_qos/assets/img/modules/appagebuilder/video/leffet_about.html]
[leffet.in/content/8-leffet-s-art-elements.html]
[leffet.in/modules/wkproductsizechart/views/css/wk-size-chart-form.css]
[leffet.in/555-medium_default/lp0012.jpg]
[leffet.in/555-home_default/lp0012.jpg]
[leffet.in/555-large_default/lp0012.jpg]
[leffet.in/556-medium_default/lp0012.jpg]
[leffet.in/556-home_default/lp0012.jpg]
[leffet.in/556-large_default/lp0012.jpg]
[leffet.in/557-medium_default/lp0012.jpg]
[leffet.in/557-home_default/lp0012.jpg]
[leffet.in/557-large_default/lp0012.jpg]
[leffet.in/558-medium_default/lp0012.jpg]
[leffet.in/all-collections/jquery.js]
[leffet.in/img/eco.png]
[leffet.in/img/hand-made.png]
[leffet.in/img/made-in-india.png]
[leffet.in/modules/wkproductsizechart/views/js/wk-size-chart-table.js]
[leffet.in/modules/ps_emailalerts/js/mailalerts.js]
[leffet.in/all-collections/66-lp0012.html]
[leffet.in/themes/leo_qos/assets/js/customize.js]
[leffet.in/559-medium_default/lp0015.jpg]
[leffet.in/559-home_default/lp0015.jpg]
[leffet.in/559-large_default/lp0015.jpg]
[leffet.in/560-medium_default/lp0015.jpg]
[leffet.in/560-home_default/lp0015.jpg]
[leffet.in/561-medium_default/lp0015.jpg]
[leffet.in/560-large_default/lp0015.jpg]
[leffet.in/562-medium_default/lp0015.jpg]
[leffet.in/562-large_default/lp0015.jpg]
[leffet.in/all-collections/69-lp0015.html]
[leffet.in/562-home_default/lp0015.jpg]
[leffet.in/563-large_default/lp0016.jpg]
[leffet.in/563-medium_default/lp0016.jpg]
[leffet.in/563-home_default/lp0016.jpg]
[leffet.in/564-medium_default/lp0016.jpg]
[leffet.in/564-large_default/lp0016.jpg]
[leffet.in/564-home_default/lp0016.jpg]
[leffet.in/565-large_default/lp0016.jpg]
[leffet.in/565-medium_default/lp0016.jpg]
[leffet.in/565-home_default/lp0016.jpg]
[leffet.in/all-collections/70-lp0016.html]
[leffet.in/566-medium_default/lp0016.jpg]
[leffet.in/583-large_default/lp0033.jpg]
[leffet.in/583-medium_default/lp0033.jpg]
[leffet.in/583-home_default/lp0033.jpg]
[leffet.in/584-medium_default/lp0033.jpg]
[leffet.in/584-home_default/lp0033.jpg]
[leffet.in/584-large_default/lp0033.jpg]
[leffet.in/585-medium_default/lp0033.jpg]
[leffet.in/585-large_default/lp0033.jpg]
[leffet.in/585-home_default/lp0033.jpg]
[leffet.in/all-collections/75-lp0033.html]
[leffet.in/586-medium_default/lp0033.jpg]
[leffet.in/597-medium_default/lp0036.jpg]
[leffet.in/597-large_default/lp0036.jpg]
[leffet.in/597-home_default/lp0036.jpg]
[leffet.in/598-medium_default/lp0036.jpg]
[leffet.in/598-home_default/lp0036.jpg]
[leffet.in/598-large_default/lp0036.jpg]
[leffet.in/599-medium_default/lp0036.jpg]
[leffet.in/599-home_default/lp0036.jpg]
[leffet.in/all-collections/79-lp0036.html]
[leffet.in/600-medium_default/lp0036.jpg]
[leffet.in/599-large_default/lp0036.jpg]
[leffet.in/601-medium_default/lp0037.jpg]
[leffet.in/601-large_default/lp0037.jpg]
[leffet.in/601-home_default/lp0037.jpg]
[leffet.in/602-medium_default/lp0037.jpg]
[leffet.in/602-home_default/lp0037.jpg]
[leffet.in/602-large_default/lp0037.jpg]
[leffet.in/603-medium_default/lp0037.jpg]
[leffet.in/603-large_default/lp0037.jpg]
[leffet.in/603-home_default/lp0037.jpg]
[leffet.in/all-collections/80-lp0037.html]
[leffet.in/604-medium_default/lp0037.jpg]
[leffet.in/609-large_default/lp0039.jpg]
[leffet.in/609-medium_default/lp0039.jpg]
[leffet.in/609-home_default/lp0039.jpg]
[leffet.in/610-medium_default/lp0039.jpg]
[leffet.in/610-home_default/lp0039.jpg]
[leffet.in/610-large_default/lp0039.jpg]
[leffet.in/611-medium_default/lp0039.jpg]
[leffet.in/611-home_default/lp0039.jpg]
[leffet.in/611-large_default/lp0039.jpg]
[leffet.in/all-collections/82-lp0039.html]
[leffet.in/612-medium_default/lp0039.jpg]
[leffet.in/613-medium_default/lp0041.jpg]
[leffet.in/613-large_default/lp0041.jpg]
[leffet.in/613-home_default/lp0041.jpg]
[leffet.in/614-medium_default/lp0041.jpg]
[leffet.in/614-home_default/lp0041.jpg]
[leffet.in/615-medium_default/lp0041.jpg]
[leffet.in/614-large_default/lp0041.jpg]
[leffet.in/615-home_default/lp0041.jpg]
[leffet.in/all-collections/83-lp0041.html]
[leffet.in/616-medium_default/lp0041.jpg]
[leffet.in/615-large_default/lp0041.jpg]
[leffet.in/617-medium_default/lp0042.jpg]
[leffet.in/617-home_default/lp0042.jpg]
[leffet.in/617-large_default/lp0042.jpg]
[leffet.in/618-medium_default/lp0042.jpg]
[leffet.in/618-home_default/lp0042.jpg]
[leffet.in/619-medium_default/lp0042.jpg]
[leffet.in/619-home_default/lp0042.jpg]
[leffet.in/all-collections/84-lp0042.html]
[leffet.in/620-medium_default/lp0042.jpg]
[leffet.in/775-medium_default/lsm1022.jpg]
[leffet.in/618-large_default/lp0042.jpg]
[leffet.in/775-home_default/lsm1022.jpg]
[leffet.in/619-large_default/lp0042.jpg]
[leffet.in/776-medium_default/lsm1022.jpg]
[leffet.in/777-medium_default/lsm1022.jpg]
[leffet.in/777-home_default/lsm1022.jpg]
[leffet.in/778-medium_default/lsm1022.jpg]
[leffet.in/775-large_default/lsm1022.jpg]
[leffet.in/778-home_default/lsm1022.jpg]
[leffet.in/utsav/jquery.js]
[leffet.in/utsav/148-lsm1022.html]
[www.google.com/recaptcha/api.js]
[leffet.in/contact-us.html]
[leffet.in/content/6-privacy-policy.html]
[leffet.in/content/11-size-chart.html]
[leffet.in/content/3-terms-and-conditions.html]
[leffet.in/content/7-shipping-refund-policy.html]
[leffet.in/c.html]
[leffet.in/b.html]
[leffet.in/POST.html]
[leffet.in/themes/leo_qos/assets/fonts/quentin-webfont.html]
[leffet.in/themes/leo_qos/assets/fonts/quentin-webfontd41d.html]
[leffet.in/themes/leo_qos/assets/fonts/quentin-webfont-2.html]
[leffet.in/themes/leo_qos/assets/fonts/quentin-webfont-3.html]
[leffet.in/themes/leo_qos/assets/fonts/quentin-webfont-4.html]
[leffet.in/themes/leo_qos/assets/fonts/quentin-webfont-5.html]
[leffet.in/themes/leo_qos/assets/fonts/MaterialIcons-Regular.html]
[leffet.in/themes/leo_qos/assets/fonts/MaterialIcons-Regular-2.html]
[leffet.in/themes/leo_qos/assets/fonts/fontawesome-webfont3e6e.html]
[leffet.in/themes/leo_qos/assets/fonts/fontawesome-webfontd41d.html]
[leffet.in/themes/leo_qos/assets/fonts/fontawesome-webfont3e6e-2.html]
[leffet.in/themes/leo_qos/assets/fonts/fontawesome-webfont3e6e-3.html]
[leffet.in/themes/leo_qos/assets/img/plus.html]
[leffet.in/themes/leo_qos/modules/leoslideshow/views/css/images/gradient/g40.html]
[leffet.in/themes/leo_qos/modules/leoslideshow/views/css/assets/shadow1.html]
[leffet.in/themes/leo_qos/modules/leoslideshow/views/css/assets/shadow2.html]
[leffet.in/themes/leo_qos/modules/leoslideshow/views/css/assets/shadow3.html]
[leffet.in/themes/leo_qos/modules/leoslideshow/views/css/assets/boxed_bgtile.html]
[leffet.in/themes/leo_qos/modules/leoslideshow/views/css/assets/navigdots_bgtile.html]
[leffet.in/themes/leo_qos/modules/leoslideshow/views/css/assets/bullet.html]
[leffet.in/themes/leo_qos/modules/leoslideshow/views/css/assets/bullets.html]
[leffet.in/themes/leo_qos/modules/leoslideshow/views/css/assets/bullets2.html]
[leffet.in/themes/leo_qos/modules/leoslideshow/views/css/assets/bullet_boxed.html]
[leffet.in/themes/leo_qos/modules/leoslideshow/views/css/assets/navigdots.html]
[leffet.in/themes/leo_qos/modules/leoslideshow/views/css/assets/large_left.html]
[leffet.in/themes/leo_qos/modules/leoslideshow/views/css/assets/large_right.html]
[leffet.in/themes/leo_qos/modules/leoslideshow/views/css/assets/small_left.html]
[leffet.in/themes/leo_qos/modules/leoslideshow/views/css/assets/small_right.html]
[leffet.in/themes/leo_qos/modules/leoslideshow/views/css/assets/arrow_left.html]
[leffet.in/themes/leo_qos/modules/leoslideshow/views/css/assets/arrow_right.html]
[leffet.in/themes/leo_qos/modules/leoslideshow/views/css/assets/small_left_boxed.html]
[leffet.in/themes/leo_qos/modules/leoslideshow/views/css/assets/small_right_boxed.html]
[leffet.in/themes/leo_qos/modules/leoslideshow/views/css/assets/arrowleft.html]
[leffet.in/themes/leo_qos/modules/leoslideshow/views/css/assets/arrowright.html]
[leffet.in/themes/leo_qos/modules/leoslideshow/views/css/assets/arrow_left2.html]
[leffet.in/themes/leo_qos/modules/leoslideshow/views/css/assets/arrow_right2.html]
[leffet.in/themes/leo_qos/modules/leoslideshow/views/css/assets/timer.html]
[leffet.in/themes/leo_qos/modules/leoslideshow/views/css/assets/coloredbg.html]
[leffet.in/themes/leo_qos/modules/leoslideshow/views/css/assets/loader.html]
[leffet.in/themes/leo_qos/modules/leoslideshow/views/css/iView/skin_4_responsive/$slide-image-path/iView/tooltip.html]
[leffet.in/themes/leo_qos/modules/leoquicklogin/views/img/user-icon-sm.html]
[leffet.in/themes/leo_qos/modules/leoquicklogin/views/img/key-icon.html]
[leffet.in/modules/leofeature/views/css/mCSB_buttons.html]
[leffet.in/modules/facebookpsconnect/views/img/google_icon.svg]
[leffet.in/modules/facebookpsconnect/views/fonts/fontawesome-webfont5b62.svg]
[leffet.in/modules/arcontactus/views/img/close.svg]
[leffet.in/modules/arcontactus/views/img/loading.svg]
[leffet.in/modules/baproductscarousel/views/css/assets/owl.video.play.html]
[leffet.in/modules/boninstagramslick/views/fonts/slick.svg]
[leffet.in/modules/blockgrouptop/views/css/img/block_languages_top_p_bg.html]
[leffet.in/themes/leo_qos/modules/leoproductsearch/views/css/img/bg_search_input.html]
[leffet.in/themes/leo_qos/modules/leoproductsearch/views/css/img/bg_search_submit.html]
[leffet.in/themes/leo_qos/assets/img/modules/appagebuilder/img/bg-features.html]
[leffet.in/modules/facebookpsconnect/views/index.html]
[leffet.in/themes/_libraries/font-awesome/fonts/fontawesome-webfont3e6e.svg]
[leffet.in/modules/ps_facetedsearch/views/dist/front.css]
[leffet.in/12-dressese563.html]
[leffet.in/12-dressesf917.html]
[leffet.in/12-dressesfe2d.html]
[leffet.in/img/cms/size chart.jpg]
[leffet.in/12-dresses0279.html]
[leffet.in/777-large_default/lsm1022.jpg]
[leffet.in/778-large_default/lsm1022.jpg]
[leffet.in/12-dresses8eb3.html]
[leffet.in/12-dresses.html]
[leffet.in/17-üzvie563.html]
[leffet.in/17-üzvif917.html]
[leffet.in/17-üzvife2d.html]
[leffet.in/17-üzvi0279.html]
[leffet.in/17-üzvi8eb3.html]
[leffet.in/17-üzvi04e6.html]
[leffet.in/12-dresses04e6.html]
[leffet.in/all-collections/85-lp001.html]
[leffet.in/494-medium_default/lp001.jpg]
[leffet.in/494-home_default/lp001.jpg]
[leffet.in/495-medium_default/lp001.jpg]
[leffet.in/495-home_default/lp001.jpg]
[leffet.in/496-medium_default/lp001.jpg]
[leffet.in/496-home_default/lp001.jpg]
[leffet.in/496-large_default/lp001.jpg]
[leffet.in/497-medium_default/lp001.jpg]
[leffet.in/all-collections/85-210-lp001.html]
[leffet.in/497-home_default/lp001.jpg]
[leffet.in/all-collections/88-lp003.html]
[leffet.in/495-large_default/lp001.jpg]
[leffet.in/497-large_default/lp001.jpg]
[leffet.in/502-medium_default/lp003.jpg]
[leffet.in/502-home_default/lp003.jpg]
[leffet.in/503-medium_default/lp003.jpg]
[leffet.in/503-home_default/lp003.jpg]
[leffet.in/504-medium_default/lp003.jpg]
[leffet.in/504-large_default/lp003.jpg]
[leffet.in/504-home_default/lp003.jpg]
[leffet.in/505-medium_default/lp003.jpg]
[leffet.in/503-large_default/lp003.jpg]
[leffet.in/all-collections/88-294-lp003.html]
[leffet.in/505-home_default/lp003.jpg]
[leffet.in/all-collections/89-lp004.html]
[leffet.in/506-medium_default/lp004.jpg]
[leffet.in/505-large_default/lp003.jpg]
[leffet.in/506-home_default/lp004.jpg]
[leffet.in/507-medium_default/lp004.jpg]
[leffet.in/507-home_default/lp004.jpg]
[leffet.in/507-large_default/lp004.jpg]
[leffet.in/508-medium_default/lp004.jpg]
[leffet.in/508-home_default/lp004.jpg]
[leffet.in/509-medium_default/lp004.jpg]
[leffet.in/all-collections/89-338-lp004.html]
[leffet.in/509-large_default/lp004.jpg]
[leffet.in/509-home_default/lp004.jpg]
[leffet.in/508-large_default/lp004.jpg]
[leffet.in/all-collections/91-lp006.html]
[leffet.in/514-medium_default/lp006.jpg]
[leffet.in/514-home_default/lp006.jpg]
[leffet.in/515-medium_default/lp006.jpg]
[leffet.in/515-home_default/lp006.jpg]
[leffet.in/514-large_default/lp006.jpg]
[leffet.in/516-medium_default/lp006.jpg]
[leffet.in/516-home_default/lp006.jpg]
[leffet.in/517-medium_default/lp006.jpg]
[leffet.in/all-collections/91-358-lp006.html]
[leffet.in/517-home_default/lp006.jpg]
[leffet.in/516-large_default/lp006.jpg]
[leffet.in/all-collections/92-lp007.html]
[leffet.in/518-medium_default/lp007.jpg]
[leffet.in/518-home_default/lp007.jpg]
[leffet.in/519-medium_default/lp007.jpg]
[leffet.in/517-large_default/lp006.jpg]
[leffet.in/519-home_default/lp007.jpg]
[leffet.in/520-medium_default/lp007.jpg]
[leffet.in/519-large_default/lp007.jpg]
[leffet.in/520-home_default/lp007.jpg]
[leffet.in/521-medium_default/lp007.jpg]
[leffet.in/all-collections/92-362-lp007.html]
[leffet.in/521-large_default/lp007.jpg]
[leffet.in/520-large_default/lp007.jpg]
[leffet.in/521-home_default/lp007.jpg]
[leffet.in/all-collections/96-lp0020.html]
[leffet.in/522-medium_default/lp0020.jpg]
[leffet.in/522-home_default/lp0020.jpg]
[leffet.in/522-large_default/lp0020.jpg]
[leffet.in/523-medium_default/lp0020.jpg]
[leffet.in/523-home_default/lp0020.jpg]
[leffet.in/524-medium_default/lp0020.jpg]
[leffet.in/523-large_default/lp0020.jpg]
[leffet.in/524-home_default/lp0020.jpg]
[leffet.in/525-medium_default/lp0020.jpg]
[leffet.in/525-home_default/lp0020.jpg]
[leffet.in/526-medium_default/lp0020.jpg]
[leffet.in/all-collections/96-254-lp0020.html]
[leffet.in/526-home_default/lp0020.jpg]
[leffet.in/526-large_default/lp0020.jpg]
[leffet.in/524-large_default/lp0020.jpg]
[leffet.in/all-collections/97-lp0021.html]
[leffet.in/527-medium_default/lp0021.jpg]
[leffet.in/527-home_default/lp0021.jpg]
[leffet.in/528-medium_default/lp0021.jpg]
[leffet.in/528-large_default/lp0021.jpg]
[leffet.in/528-home_default/lp0021.jpg]
[leffet.in/529-medium_default/lp0021.jpg]
[leffet.in/527-large_default/lp0021.jpg]
[leffet.in/529-home_default/lp0021.jpg]
[leffet.in/529-large_default/lp0021.jpg]
[leffet.in/530-medium_default/lp0021.jpg]
[leffet.in/all-collections/97-258-lp0021.html]
[leffet.in/530-home_default/lp0021.jpg]
[leffet.in/all-collections/98-lp0023.html]
[leffet.in/531-medium_default/lp0023.jpg]
[leffet.in/531-home_default/lp0023.jpg]
[leffet.in/531-large_default/lp0023.jpg]
[leffet.in/532-medium_default/lp0023.jpg]
[leffet.in/532-home_default/lp0023.jpg]
[leffet.in/532-large_default/lp0023.jpg]
[leffet.in/533-medium_default/lp0023.jpg]
[leffet.in/533-home_default/lp0023.jpg]
[leffet.in/534-medium_default/lp0023.jpg]
[leffet.in/all-collections/98-266-lp0023.html]
[leffet.in/534-home_default/lp0023.jpg]
[leffet.in/533-large_default/lp0023.jpg]
[leffet.in/all-collections/99-lp0031.html]
[leffet.in/535-medium_default/lp0031.jpg]
[leffet.in/535-home_default/lp0031.jpg]
[leffet.in/536-medium_default/lp0031.jpg]
[leffet.in/536-home_default/lp0031.jpg]
[leffet.in/535-large_default/lp0031.jpg]
[leffet.in/537-medium_default/lp0031.jpg]
[leffet.in/536-large_default/lp0031.jpg]
[leffet.in/537-home_default/lp0031.jpg]
[leffet.in/538-medium_default/lp0031.jpg]
[leffet.in/all-collections/99-302-lp0031.html]
[leffet.in/538-home_default/lp0031.jpg]
[leffet.in/537-large_default/lp0031.jpg]
[leffet.in/all-collections/101-lp0032.html]
[leffet.in/859-medium_default/lp0032.jpg]
[leffet.in/859-home_default/lp0032.jpg]
[leffet.in/860-medium_default/lp0032.jpg]
[leffet.in/860-home_default/lp0032.jpg]
[leffet.in/861-medium_default/lp0032.jpg]
[leffet.in/860-large_default/lp0032.jpg]
[leffet.in/861-home_default/lp0032.jpg]
[leffet.in/862-medium_default/lp0032.jpg]
[leffet.in/all-collections/101-306-lp0032.html]
[leffet.in/862-home_default/lp0032.jpg]
[leffet.in/862-large_default/lp0032.jpg]
[leffet.in/861-large_default/lp0032.jpg]
[leffet.in/all-collections/102-lp0040.html]
[leffet.in/543-medium_default/lp0040.jpg]
[leffet.in/543-home_default/lp0040.jpg]
[leffet.in/544-medium_default/lp0040.jpg]
[leffet.in/543-large_default/lp0040.jpg]
[leffet.in/544-home_default/lp0040.jpg]
[leffet.in/545-medium_default/lp0040.jpg]
[leffet.in/544-large_default/lp0040.jpg]
[leffet.in/545-home_default/lp0040.jpg]
[leffet.in/546-medium_default/lp0040.jpg]
[leffet.in/all-collections/102-342-lp0040.html]
[leffet.in/546-home_default/lp0040.jpg]
[leffet.in/546-large_default/lp0040.jpg]
[leffet.in/all-collections/87-lp002.html]
[leffet.in/498-medium_default/lp002.jpg]
[leffet.in/498-home_default/lp002.jpg]
[leffet.in/498-large_default/lp002.jpg]
[leffet.in/499-medium_default/lp002.jpg]
[leffet.in/499-home_default/lp002.jpg]
[leffet.in/500-medium_default/lp002.jpg]
[leffet.in/500-home_default/lp002.jpg]
[leffet.in/501-medium_default/lp002.jpg]
[leffet.in/500-large_default/lp002.jpg]
[leffet.in/all-collections/87-250-lp002.html]
[leffet.in/501-home_default/lp002.jpg]
[leffet.in/501-large_default/lp002.jpg]
[leffet.in/all-collections/114-lp005.html]
[leffet.in/510-medium_default/lp005.jpg]
[leffet.in/510-home_default/lp005.jpg]
[leffet.in/511-medium_default/lp005.jpg]
[leffet.in/511-home_default/lp005.jpg]
[leffet.in/510-large_default/lp005.jpg]
[leffet.in/512-medium_default/lp005.jpg]
[leffet.in/511-large_default/lp005.jpg]
[leffet.in/512-home_default/lp005.jpg]
[leffet.in/513-medium_default/lp005.jpg]
[leffet.in/all-collections/114-354-lp005.html]
[leffet.in/15-parizae563.html]
[leffet.in/15-parizaf917.html]
[leffet.in/15-parizafe2d.html]
[leffet.in/15-pariza0279.html]
[leffet.in/15-pariza8eb3.html]
[leffet.in/15-pariza04e6.html]
[leffet.in/all-collections/66-222-lp0012.html]
[leffet.in/513-home_default/lp005.jpg]
[leffet.in/512-large_default/lp005.jpg]
[leffet.in/all-collections/67-lp008.html]
[leffet.in/547-medium_default/lp008.jpg]
[leffet.in/547-home_default/lp008.jpg]
[leffet.in/548-medium_default/lp008.jpg]
[leffet.in/547-large_default/lp008.jpg]
[leffet.in/548-home_default/lp008.jpg]
[leffet.in/549-medium_default/lp008.jpg]
[leffet.in/548-large_default/lp008.jpg]
[leffet.in/549-home_default/lp008.jpg]
[leffet.in/550-medium_default/lp008.jpg]
[leffet.in/all-collections/67-366-lp008.html]
[leffet.in/550-home_default/lp008.jpg]
[leffet.in/550-large_default/lp008.jpg]
[leffet.in/all-collections/68-lp009.html]
[leffet.in/551-medium_default/lp009.jpg]
[leffet.in/551-home_default/lp009.jpg]
[leffet.in/551-large_default/lp009.jpg]
[leffet.in/552-medium_default/lp009.jpg]
[leffet.in/552-home_default/lp009.jpg]
[leffet.in/552-large_default/lp009.jpg]
[leffet.in/553-medium_default/lp009.jpg]
[leffet.in/553-home_default/lp009.jpg]
[leffet.in/554-medium_default/lp009.jpg]
[leffet.in/553-large_default/lp009.jpg]
[leffet.in/all-collections/68-207-lp009.html]
[leffet.in/all-collections/69-234-lp0015.html]
[leffet.in/all-collections/70-204-lp0016.html]
[leffet.in/554-home_default/lp009.jpg]
[leffet.in/all-collections/72-lp0024.html]
[leffet.in/571-medium_default/lp0024.jpg]
[leffet.in/571-home_default/lp0024.jpg]
[leffet.in/571-large_default/lp0024.jpg]
[leffet.in/572-medium_default/lp0024.jpg]
[leffet.in/572-home_default/lp0024.jpg]
[leffet.in/573-medium_default/lp0024.jpg]
[leffet.in/573-large_default/lp0024.jpg]
[leffet.in/573-home_default/lp0024.jpg]
[leffet.in/574-medium_default/lp0024.jpg]
[leffet.in/572-large_default/lp0024.jpg]
[leffet.in/all-collections/72-270-lp0024.html]
[leffet.in/574-home_default/lp0024.jpg]
[leffet.in/all-collections/73-lp0026.html]
[leffet.in/575-medium_default/lp0026.jpg]
[leffet.in/575-home_default/lp0026.jpg]
[leffet.in/575-large_default/lp0026.jpg]
[leffet.in/576-medium_default/lp0026.jpg]
[leffet.in/576-large_default/lp0026.jpg]
[leffet.in/576-home_default/lp0026.jpg]
[leffet.in/577-medium_default/lp0026.jpg]
[leffet.in/577-home_default/lp0026.jpg]
[leffet.in/578-medium_default/lp0026.jpg]
[leffet.in/577-large_default/lp0026.jpg]
[leffet.in/all-collections/73-278-lp0026.html]
[leffet.in/578-home_default/lp0026.jpg]
[leffet.in/all-collections/74-lp0028.html]
[leffet.in/579-medium_default/lp0028.jpg]
[leffet.in/579-home_default/lp0028.jpg]
[leffet.in/579-large_default/lp0028.jpg]
[leffet.in/580-medium_default/lp0028.jpg]
[leffet.in/580-home_default/lp0028.jpg]
[leffet.in/580-large_default/lp0028.jpg]
[leffet.in/581-medium_default/lp0028.jpg]
[leffet.in/581-home_default/lp0028.jpg]
[leffet.in/581-large_default/lp0028.jpg]
[leffet.in/582-medium_default/lp0028.jpg]
[leffet.in/all-collections/74-286-lp0028.html]
[leffet.in/all-collections/75-310-lp0033.html]
[leffet.in/582-home_default/lp0028.jpg]
[leffet.in/all-collections/76-lp0034.html]
[leffet.in/587-medium_default/lp0034.jpg]
[leffet.in/587-home_default/lp0034.jpg]
[leffet.in/587-large_default/lp0034.jpg]
[leffet.in/588-medium_default/lp0034.jpg]
[leffet.in/588-home_default/lp0034.jpg]
[leffet.in/589-medium_default/lp0034.jpg]
[leffet.in/589-large_default/lp0034.jpg]
[leffet.in/588-large_default/lp0034.jpg]
[leffet.in/590-medium_default/lp0034.jpg]
[leffet.in/589-home_default/lp0034.jpg]
[leffet.in/all-collections/76-314-lp0034.html]
[leffet.in/590-home_default/lp0034.jpg]
[leffet.in/all-collections/77-lp0035.html]
[leffet.in/591-medium_default/lp0035.jpg]
[leffet.in/591-large_default/lp0035.jpg]
[leffet.in/591-home_default/lp0035.jpg]
[leffet.in/592-medium_default/lp0035.jpg]
[leffet.in/592-home_default/lp0035.jpg]
[leffet.in/594-medium_default/lp0035.jpg]
[leffet.in/594-home_default/lp0035.jpg]
[leffet.in/595-medium_default/lp0035.jpg]
[leffet.in/594-large_default/lp0035.jpg]
[leffet.in/all-collections/77-318-lp0035.html]
[leffet.in/all-collections/79-322-lp0036.html]
[leffet.in/all-collections/80-326-lp0037.html]
[leffet.in/595-home_default/lp0035.jpg]
[leffet.in/592-large_default/lp0035.jpg]
[leffet.in/all-collections/81-lp0038.html]
[leffet.in/605-medium_default/lp0038.jpg]
[leffet.in/605-home_default/lp0038.jpg]
[leffet.in/605-large_default/lp0038.jpg]
[leffet.in/606-medium_default/lp0038.jpg]
[leffet.in/606-home_default/lp0038.jpg]
[leffet.in/606-large_default/lp0038.jpg]
[leffet.in/607-medium_default/lp0038.jpg]
[leffet.in/607-home_default/lp0038.jpg]
[leffet.in/608-medium_default/lp0038.jpg]
[leffet.in/607-large_default/lp0038.jpg]
[leffet.in/all-collections/81-330-lp0038.html]
[leffet.in/all-collections/82-334-lp0039.html]
[leffet.in/all-collections/83-346-lp0041.html]
[leffet.in/all-collections/84-350-lp0042.html]
[leffet.in/608-home_default/lp0038.jpg]
[leffet.in/all-collections/71-lp0022.html]
[leffet.in/567-medium_default/lp0022.jpg]
[leffet.in/567-large_default/lp0022.jpg]
[leffet.in/567-home_default/lp0022.jpg]
[leffet.in/568-medium_default/lp0022.jpg]
[leffet.in/568-home_default/lp0022.jpg]
[leffet.in/568-large_default/lp0022.jpg]
[leffet.in/569-medium_default/lp0022.jpg]
[leffet.in/569-home_default/lp0022.jpg]
[leffet.in/569-large_default/lp0022.jpg]
[leffet.in/570-medium_default/lp0022.jpg]
[leffet.in/all-collections/71-262-lp0022.html]
[leffet.in/16-ikattrae563.html]
[leffet.in/16-ikattraf917.html]
[leffet.in/16-ikattrafe2d.html]
[leffet.in/16-ikattra0279.html]
[leffet.in/16-ikattra8eb3.html]
[leffet.in/16-ikattra04e6.html]
[leffet.in/570-home_default/lp0022.jpg]
[leffet.in/all-collections/104-lp0010.html]
[leffet.in/621-medium_default/lp0010.jpg]
[leffet.in/621-home_default/lp0010.jpg]
[leffet.in/622-medium_default/lp0010.jpg]
[leffet.in/621-large_default/lp0010.jpg]
[leffet.in/622-home_default/lp0010.jpg]
[leffet.in/623-medium_default/lp0010.jpg]
[leffet.in/623-home_default/lp0010.jpg]
[leffet.in/624-medium_default/lp0010.jpg]
[leffet.in/all-collections/104-214-lp0010.html]
[leffet.in/624-home_default/lp0010.jpg]
[leffet.in/623-large_default/lp0010.jpg]
[leffet.in/622-large_default/lp0010.jpg]
[leffet.in/all-collections/105-lp0011.html]
[leffet.in/625-medium_default/lp0011.jpg]
[leffet.in/625-home_default/lp0011.jpg]
[leffet.in/626-medium_default/lp0011.jpg]
[leffet.in/626-home_default/lp0011.jpg]
[leffet.in/627-medium_default/lp0011.jpg]
[leffet.in/625-large_default/lp0011.jpg]
[leffet.in/all-collections/105-218-lp0011.html]
[leffet.in/627-home_default/lp0011.jpg]
[leffet.in/627-large_default/lp0011.jpg]
[leffet.in/all-collections/106-lp0014.html]
[leffet.in/632-medium_default/lp0014.jpg]
[leffet.in/632-home_default/lp0014.jpg]
[leffet.in/632-large_default/lp0014.jpg]
[leffet.in/633-medium_default/lp0014.jpg]
[leffet.in/633-home_default/lp0014.jpg]
[leffet.in/633-large_default/lp0014.jpg]
[leffet.in/634-medium_default/lp0014.jpg]
[leffet.in/634-home_default/lp0014.jpg]
[leffet.in/634-large_default/lp0014.jpg]
[leffet.in/635-medium_default/lp0014.jpg]
[leffet.in/all-collections/106-230-lp0014.html]
[leffet.in/635-home_default/lp0014.jpg]
[leffet.in/all-collections/107-lp0017.html]
[leffet.in/636-medium_default/lp0017.jpg]
[leffet.in/636-home_default/lp0017.jpg]
[leffet.in/637-medium_default/lp0017.jpg]
[leffet.in/637-large_default/lp0017.jpg]
[leffet.in/636-large_default/lp0017.jpg]
[leffet.in/637-home_default/lp0017.jpg]
[leffet.in/638-medium_default/lp0017.jpg]
[leffet.in/638-home_default/lp0017.jpg]
[leffet.in/639-medium_default/lp0017.jpg]
[leffet.in/all-collections/107-238-lp0017.html]
[leffet.in/639-home_default/lp0017.jpg]
[leffet.in/638-large_default/lp0017.jpg]
[leffet.in/all-collections/108-lp0018.html]
[leffet.in/640-medium_default/lp0018.jpg]
[leffet.in/640-home_default/lp0018.jpg]
[leffet.in/641-medium_default/lp0018.jpg]
[leffet.in/641-home_default/lp0018.jpg]
[leffet.in/640-large_default/lp0018.jpg]
[leffet.in/642-medium_default/lp0018.jpg]
[leffet.in/642-home_default/lp0018.jpg]
[leffet.in/643-medium_default/lp0018.jpg]
[leffet.in/all-collections/108-242-lp0018.html]
[leffet.in/643-home_default/lp0018.jpg]
[leffet.in/643-large_default/lp0018.jpg]
[leffet.in/642-large_default/lp0018.jpg]
[leffet.in/all-collections/109-lp0019.html]
[leffet.in/644-medium_default/lp0019.jpg]
[leffet.in/644-home_default/lp0019.jpg]
[leffet.in/644-large_default/lp0019.jpg]
[leffet.in/645-medium_default/lp0019.jpg]
[leffet.in/645-home_default/lp0019.jpg]
[leffet.in/646-medium_default/lp0019.jpg]
[leffet.in/645-large_default/lp0019.jpg]
[leffet.in/646-home_default/lp0019.jpg]
[leffet.in/647-medium_default/lp0019.jpg]
[leffet.in/all-collections/109-246-lp0019.html]
[leffet.in/647-home_default/lp0019.jpg]
[leffet.in/646-large_default/lp0019.jpg]
[leffet.in/all-collections/110-lp0025.html]
[leffet.in/648-medium_default/lp0025.jpg]
[leffet.in/648-home_default/lp0025.jpg]
[leffet.in/648-large_default/lp0025.jpg]
[leffet.in/649-medium_default/lp0025.jpg]
[leffet.in/649-home_default/lp0025.jpg]
[leffet.in/650-medium_default/lp0025.jpg]
[leffet.in/649-large_default/lp0025.jpg]
[leffet.in/650-home_default/lp0025.jpg]
[leffet.in/651-medium_default/lp0025.jpg]
[leffet.in/650-large_default/lp0025.jpg]
[leffet.in/all-collections/110-274-lp0025.html]
[leffet.in/651-home_default/lp0025.jpg]
[leffet.in/all-collections/111-lp0027.html]
[leffet.in/652-medium_default/lp0027.jpg]
[leffet.in/652-home_default/lp0027.jpg]
[leffet.in/653-medium_default/lp0027.jpg]
[leffet.in/653-home_default/lp0027.jpg]
[leffet.in/653-large_default/lp0027.jpg]
[leffet.in/654-medium_default/lp0027.jpg]
[leffet.in/654-home_default/lp0027.jpg]
[leffet.in/654-large_default/lp0027.jpg]
[leffet.in/655-medium_default/lp0027.jpg]
[leffet.in/all-collections/111-282-lp0027.html]
[leffet.in/655-home_default/lp0027.jpg]
[leffet.in/655-large_default/lp0027.jpg]
[leffet.in/all-collections/112-lp0029.html]
[leffet.in/656-medium_default/lp0029.jpg]
[leffet.in/656-home_default/lp0029.jpg]
[leffet.in/656-large_default/lp0029.jpg]
[leffet.in/657-medium_default/lp0029.jpg]
[leffet.in/657-home_default/lp0029.jpg]
[leffet.in/657-large_default/lp0029.jpg]
[leffet.in/658-medium_default/lp0029.jpg]
[leffet.in/658-home_default/lp0029.jpg]
[leffet.in/659-medium_default/lp0029.jpg]
[leffet.in/658-large_default/lp0029.jpg]
[leffet.in/all-collections/112-290-lp0029.html]
[leffet.in/659-home_default/lp0029.jpg]
[leffet.in/all-collections/113-lp0030.html]
[leffet.in/660-medium_default/lp0030.jpg]
[leffet.in/660-home_default/lp0030.jpg]
[leffet.in/660-large_default/lp0030.jpg]
[leffet.in/661-medium_default/lp0030.jpg]
[leffet.in/661-home_default/lp0030.jpg]
[leffet.in/661-large_default/lp0030.jpg]
[leffet.in/662-medium_default/lp0030.jpg]
[leffet.in/662-home_default/lp0030.jpg]
[leffet.in/663-medium_default/lp0030.jpg]
[leffet.in/662-large_default/lp0030.jpg]
[leffet.in/all-collections/113-298-lp0030.html]
[leffet.in/663-home_default/lp0030.jpg]
[leffet.in/all-collections/95-lp0013.html]
[leffet.in/628-medium_default/lp0013.jpg]
[leffet.in/628-home_default/lp0013.jpg]
[leffet.in/628-large_default/lp0013.jpg]
[leffet.in/629-medium_default/lp0013.jpg]
[leffet.in/629-home_default/lp0013.jpg]
[leffet.in/630-medium_default/lp0013.jpg]
[leffet.in/629-large_default/lp0013.jpg]
[leffet.in/630-large_default/lp0013.jpg]
[leffet.in/630-home_default/lp0013.jpg]
[leffet.in/631-medium_default/lp0013.jpg]
[leffet.in/all-collections/95-226-lp0013.html]
[leffet.in/19-utsave563.html]
[leffet.in/19-utsavf917.html]
[leffet.in/19-utsavfe2d.html]
[leffet.in/19-utsav0279.html]
[leffet.in/19-utsav8eb3.html]
[leffet.in/19-utsav04e6.html]
[leffet.in/631-home_default/lp0013.jpg]
[leffet.in/utsav/117-lsm1001.html]
[leffet.in/668-medium_default/lsm1001.jpg]
[leffet.in/668-home_default/lsm1001.jpg]
[leffet.in/668-large_default/lsm1001.jpg]
[leffet.in/669-medium_default/lsm1001.jpg]
[leffet.in/669-home_default/lsm1001.jpg]
[leffet.in/670-medium_default/lsm1001.jpg]
[leffet.in/669-large_default/lsm1001.jpg]
[leffet.in/670-home_default/lsm1001.jpg]
[leffet.in/671-medium_default/lsm1001.jpg]
[leffet.in/671-home_default/lsm1001.jpg]
[leffet.in/671-large_default/lsm1001.jpg]
[leffet.in/672-medium_default/lsm1001.jpg]
[leffet.in/672-large_default/lsm1001.jpg]
[leffet.in/utsav/117-372-lsm1001.html]
[leffet.in/672-home_default/lsm1001.jpg]
[leffet.in/utsav/119-lsm1002.html]
[leffet.in/675-medium_default/lsm1002.jpg]
[leffet.in/675-home_default/lsm1002.jpg]
[leffet.in/675-large_default/lsm1002.jpg]
[leffet.in/674-medium_default/lsm1002.jpg]
[leffet.in/674-large_default/lsm1002.jpg]
[leffet.in/674-home_default/lsm1002.jpg]
[leffet.in/676-medium_default/lsm1002.jpg]
[leffet.in/676-home_default/lsm1002.jpg]
[leffet.in/677-medium_default/lsm1002.jpg]
[leffet.in/utsav/119-376-lsm1002.html]
[leffet.in/677-home_default/lsm1002.jpg]
[leffet.in/677-large_default/lsm1002.jpg]
[leffet.in/utsav/120-lsm1003.html]
[leffet.in/678-medium_default/lsm1003.jpg]
[leffet.in/678-home_default/lsm1003.jpg]
[leffet.in/679-medium_default/lsm1003.jpg]
[leffet.in/679-large_default/lsm1003.jpg]
[leffet.in/679-home_default/lsm1003.jpg]
[leffet.in/680-medium_default/lsm1003.jpg]
[leffet.in/680-large_default/lsm1003.jpg]
[leffet.in/680-home_default/lsm1003.jpg]
[leffet.in/681-medium_default/lsm1003.jpg]
[leffet.in/utsav/120-380-lsm1003.html]
[leffet.in/681-home_default/lsm1003.jpg]
[leffet.in/681-large_default/lsm1003.jpg]
[leffet.in/utsav/121-lsm1004.html]
[leffet.in/682-medium_default/lsm1004.jpg]
[leffet.in/682-home_default/lsm1004.jpg]
[leffet.in/683-medium_default/lsm1004.jpg]
[leffet.in/683-home_default/lsm1004.jpg]
[leffet.in/683-large_default/lsm1004.jpg]
[leffet.in/684-medium_default/lsm1004.jpg]
[leffet.in/684-home_default/lsm1004.jpg]
[leffet.in/684-large_default/lsm1004.jpg]
[leffet.in/685-medium_default/lsm1004.jpg]
[leffet.in/utsav/121-384-lsm1004.html]
[leffet.in/685-home_default/lsm1004.jpg]
[leffet.in/685-large_default/lsm1004.jpg]
[leffet.in/utsav/123-lsm1005.html]
[leffet.in/686-medium_default/lsm1005.jpg]
[leffet.in/686-home_default/lsm1005.jpg]
[leffet.in/687-medium_default/lsm1005.jpg]
[leffet.in/687-home_default/lsm1005.jpg]
[leffet.in/688-medium_default/lsm1005.jpg]
[leffet.in/687-large_default/lsm1005.jpg]
[leffet.in/688-home_default/lsm1005.jpg]
[leffet.in/689-medium_default/lsm1005.jpg]
[leffet.in/688-large_default/lsm1005.jpg]
[leffet.in/utsav/123-388-lsm1005.html]
[leffet.in/689-home_default/lsm1005.jpg]
[leffet.in/689-large_default/lsm1005.jpg]
[leffet.in/utsav/124-lsm1006.html]
[leffet.in/690-medium_default/lsm1006.jpg]
[leffet.in/690-home_default/lsm1006.jpg]
[leffet.in/691-medium_default/lsm1006.jpg]
[leffet.in/691-home_default/lsm1006.jpg]
[leffet.in/692-medium_default/lsm1006.jpg]
[leffet.in/691-large_default/lsm1006.jpg]
[leffet.in/692-home_default/lsm1006.jpg]
[leffet.in/693-medium_default/lsm1006.jpg]
[leffet.in/utsav/124-392-lsm1006.html]
[leffet.in/693-home_default/lsm1006.jpg]
[leffet.in/692-large_default/lsm1006.jpg]
[leffet.in/693-large_default/lsm1006.jpg]
[leffet.in/utsav/125-lp1019.html]
[leffet.in/694-medium_default/lp1019.jpg]
[leffet.in/694-home_default/lp1019.jpg]
[leffet.in/695-medium_default/lp1019.jpg]
[leffet.in/695-home_default/lp1019.jpg]
[leffet.in/696-medium_default/lp1019.jpg]
[leffet.in/696-large_default/lp1019.jpg]
[leffet.in/695-large_default/lp1019.jpg]
[leffet.in/696-home_default/lp1019.jpg]
[leffet.in/697-medium_default/lp1019.jpg]
[leffet.in/utsav/125-396-lp1019.html]
[leffet.in/697-home_default/lp1019.jpg]
[leffet.in/697-large_default/lp1019.jpg]
[leffet.in/utsav/126-lsm1020.html]
[leffet.in/698-medium_default/lsm1020.jpg]
[leffet.in/698-home_default/lsm1020.jpg]
[leffet.in/699-medium_default/lsm1020.jpg]
[leffet.in/699-large_default/lsm1020.jpg]
[leffet.in/699-home_default/lsm1020.jpg]
[leffet.in/700-medium_default/lsm1020.jpg]
[leffet.in/700-large_default/lsm1020.jpg]
[leffet.in/700-home_default/lsm1020.jpg]
[leffet.in/701-large_default/lsm1020.jpg]
[leffet.in/701-medium_default/lsm1020.jpg]
[leffet.in/utsav/126-400-lsm1020.html]
[leffet.in/701-home_default/lsm1020.jpg]
[leffet.in/utsav/132-lsm1007.html]
[leffet.in/719-medium_default/lsm1007.jpg]
[leffet.in/719-home_default/lsm1007.jpg]
[leffet.in/720-medium_default/lsm1007.jpg]
[leffet.in/720-home_default/lsm1007.jpg]
[leffet.in/720-large_default/lsm1007.jpg]
[leffet.in/721-medium_default/lsm1007.jpg]
[leffet.in/721-large_default/lsm1007.jpg]
[leffet.in/721-home_default/lsm1007.jpg]
[leffet.in/722-medium_default/lsm1007.jpg]
[leffet.in/utsav/132-420-lsm1007.html]
[leffet.in/722-home_default/lsm1007.jpg]
[leffet.in/722-large_default/lsm1007.jpg]
[leffet.in/utsav/133-lsm1008.html]
[leffet.in/723-medium_default/lsm1008.jpg]
[leffet.in/723-home_default/lsm1008.jpg]
[leffet.in/724-medium_default/lsm1008.jpg]
[leffet.in/724-large_default/lsm1008.jpg]
[leffet.in/724-home_default/lsm1008.jpg]
[leffet.in/725-medium_default/lsm1008.jpg]
[leffet.in/725-home_default/lsm1008.jpg]
[leffet.in/725-large_default/lsm1008.jpg]
[leffet.in/726-medium_default/lsm1008.jpg]
[leffet.in/726-large_default/lsm1008.jpg]
[leffet.in/726-home_default/lsm1008.jpg]
[leffet.in/727-medium_default/lsm1008.jpg]
[leffet.in/utsav/133-544-lsm1008.html]
[leffet.in/727-home_default/lsm1008.jpg]
[leffet.in/727-large_default/lsm1008.jpg]
[leffet.in/utsav/134-lsm1009.html]
[leffet.in/728-medium_default/lsm1009.jpg]
[leffet.in/728-home_default/lsm1009.jpg]
[leffet.in/729-medium_default/lsm1009.jpg]
[leffet.in/729-home_default/lsm1009.jpg]
[leffet.in/730-medium_default/lsm1009.jpg]
[leffet.in/730-large_default/lsm1009.jpg]
[leffet.in/utsav/134-424-lsm1009.html]
[leffet.in/730-home_default/lsm1009.jpg]
[leffet.in/729-large_default/lsm1009.jpg]
[leffet.in/utsav/135-lsm1010.html]
[leffet.in/731-medium_default/lsm1010.jpg]
[leffet.in/731-home_default/lsm1010.jpg]
[leffet.in/731-large_default/lsm1010.jpg]
[leffet.in/732-large_default/lsm1010.jpg]
[leffet.in/732-medium_default/lsm1010.jpg]
[leffet.in/732-home_default/lsm1010.jpg]
[leffet.in/733-medium_default/lsm1010.jpg]
[leffet.in/733-home_default/lsm1010.jpg]
[leffet.in/734-medium_default/lsm1010.jpg]
[leffet.in/utsav/135-428-lsm1010.html]
[leffet.in/734-home_default/lsm1010.jpg]
[leffet.in/734-large_default/lsm1010.jpg]
[leffet.in/utsav/136-lsm1011.html]
[leffet.in/735-medium_default/lsm1011.jpg]
[leffet.in/735-home_default/lsm1011.jpg]
[leffet.in/736-medium_default/lsm1011.jpg]
[leffet.in/736-home_default/lsm1011.jpg]
[leffet.in/736-large_default/lsm1011.jpg]
[leffet.in/737-medium_default/lsm1011.jpg]
[leffet.in/737-home_default/lsm1011.jpg]
[leffet.in/737-large_default/lsm1011.jpg]
[leffet.in/738-medium_default/lsm1011.jpg]
[leffet.in/738-large_default/lsm1011.jpg]
[leffet.in/utsav/136-432-lsm1011.html]
[leffet.in/738-home_default/lsm1011.jpg]
[leffet.in/utsav/137-lsm1012.html]
[leffet.in/739-medium_default/lsm1012.jpg]
[leffet.in/739-home_default/lsm1012.jpg]
[leffet.in/740-medium_default/lsm1012.jpg]
[leffet.in/740-home_default/lsm1012.jpg]
[leffet.in/740-large_default/lsm1012.jpg]
[leffet.in/741-medium_default/lsm1012.jpg]
[leffet.in/741-home_default/lsm1012.jpg]
[leffet.in/742-medium_default/lsm1012.jpg]
[leffet.in/741-large_default/lsm1012.jpg]
[leffet.in/742-large_default/lsm1012.jpg]
[leffet.in/utsav/137-436-lsm1012.html]
[leffet.in/742-home_default/lsm1012.jpg]
[leffet.in/utsav/138-lsm1013.html]
[leffet.in/743-medium_default/lsm1013.jpg]
[leffet.in/743-home_default/lsm1013.jpg]
[leffet.in/744-medium_default/lsm1013.jpg]
[leffet.in/744-home_default/lsm1013.jpg]
[leffet.in/744-large_default/lsm1013.jpg]
[leffet.in/745-medium_default/lsm1013.jpg]
[leffet.in/745-home_default/lsm1013.jpg]
[leffet.in/746-medium_default/lsm1013.jpg]
[leffet.in/utsav/138-440-lsm1013.html]
[leffet.in/746-home_default/lsm1013.jpg]
[leffet.in/745-large_default/lsm1013.jpg]
[leffet.in/utsav/139-lsm1014.html]
[leffet.in/747-medium_default/lsm1014.jpg]
[leffet.in/747-home_default/lsm1014.jpg]
[leffet.in/746-large_default/lsm1013.jpg]
[leffet.in/748-medium_default/lsm1014.jpg]
[leffet.in/748-home_default/lsm1014.jpg]
[leffet.in/748-large_default/lsm1014.jpg]
[leffet.in/749-medium_default/lsm1014.jpg]
[leffet.in/749-home_default/lsm1014.jpg]
[leffet.in/750-medium_default/lsm1014.jpg]
[leffet.in/750-large_default/lsm1014.jpg]
[leffet.in/utsav/139-444-lsm1014.html]
[leffet.in/750-home_default/lsm1014.jpg]
[leffet.in/749-large_default/lsm1014.jpg]
[leffet.in/utsav/140-lsm1015.html]
[leffet.in/751-medium_default/lsm1015.jpg]
[leffet.in/751-home_default/lsm1015.jpg]
[leffet.in/752-medium_default/lsm1015.jpg]
[leffet.in/752-home_default/lsm1015.jpg]
[leffet.in/751-large_default/lsm1015.jpg]
[leffet.in/753-medium_default/lsm1015.jpg]
[leffet.in/753-home_default/lsm1015.jpg]
[leffet.in/753-large_default/lsm1015.jpg]
[leffet.in/754-medium_default/lsm1015.jpg]
[leffet.in/utsav/140-448-lsm1015.html]
[leffet.in/754-home_default/lsm1015.jpg]
[leffet.in/754-large_default/lsm1015.jpg]
[leffet.in/utsav/141-lsm1016.html]
[leffet.in/755-medium_default/lsm1016.jpg]
[leffet.in/755-home_default/lsm1016.jpg]
[leffet.in/756-medium_default/lsm1016.jpg]
[leffet.in/756-large_default/lsm1016.jpg]
[leffet.in/756-home_default/lsm1016.jpg]
[leffet.in/757-medium_default/lsm1016.jpg]
[leffet.in/757-home_default/lsm1016.jpg]
[leffet.in/757-large_default/lsm1016.jpg]
[leffet.in/758-medium_default/lsm1016.jpg]
[leffet.in/utsav/141-452-lsm1016.html]
[leffet.in/758-home_default/lsm1016.jpg]
[leffet.in/758-large_default/lsm1016.jpg]
[leffet.in/utsav/160-lsm1033.html]
[leffet.in/855-medium_default/lsm1033.jpg]
[leffet.in/855-home_default/lsm1033.jpg]
[leffet.in/856-medium_default/lsm1033.jpg]
[leffet.in/856-home_default/lsm1033.jpg]
[leffet.in/856-large_default/lsm1033.jpg]
[leffet.in/857-medium_default/lsm1033.jpg]
[leffet.in/857-home_default/lsm1033.jpg]
[leffet.in/857-large_default/lsm1033.jpg]
[leffet.in/858-medium_default/lsm1033.jpg]
[leffet.in/858-large_default/lsm1033.jpg]
[leffet.in/utsav/160-540-lsm1033.html]
[leffet.in/858-home_default/lsm1033.jpg]
[leffet.in/utsav/143-lsm1017.html]
[leffet.in/759-medium_default/lsm1017.jpg]
[leffet.in/759-home_default/lsm1017.jpg]
[leffet.in/759-large_default/lsm1017.jpg]
[leffet.in/760-medium_default/lsm1017.jpg]
[leffet.in/760-home_default/lsm1017.jpg]
[leffet.in/761-medium_default/lsm1017.jpg]
[leffet.in/761-home_default/lsm1017.jpg]
[leffet.in/761-large_default/lsm1017.jpg]
[leffet.in/762-medium_default/lsm1017.jpg]
[leffet.in/utsav/143-456-lsm1017.html]
[leffet.in/762-large_default/lsm1017.jpg]
[leffet.in/762-home_default/lsm1017.jpg]
[leffet.in/utsav/144-lsm1018.html]
[leffet.in/763-medium_default/lsm1018.jpg]
[leffet.in/763-home_default/lsm1018.jpg]
[leffet.in/764-medium_default/lsm1018.jpg]
[leffet.in/764-home_default/lsm1018.jpg]
[leffet.in/764-large_default/lsm1018.jpg]
[leffet.in/765-medium_default/lsm1018.jpg]
[leffet.in/765-home_default/lsm1018.jpg]
[leffet.in/765-large_default/lsm1018.jpg]
[leffet.in/766-medium_default/lsm1018.jpg]
[leffet.in/utsav/144-460-lsm1018.html]
[leffet.in/766-home_default/lsm1018.jpg]
[leffet.in/766-large_default/lsm1018.jpg]
[leffet.in/utsav/166-lsm1043.html]
[leffet.in/843-medium_default/lsm1043.jpg]
[leffet.in/843-home_default/lsm1043.jpg]
[leffet.in/844-medium_default/lsm1043.jpg]
[leffet.in/844-large_default/lsm1043.jpg]
[leffet.in/844-home_default/lsm1043.jpg]
[leffet.in/845-medium_default/lsm1043.jpg]
[leffet.in/845-home_default/lsm1043.jpg]
[leffet.in/845-large_default/lsm1043.jpg]
[leffet.in/846-medium_default/lsm1043.jpg]
[leffet.in/846-large_default/lsm1043.jpg]
[leffet.in/utsav/166-532-lsm1043.html]
[leffet.in/846-home_default/lsm1043.jpg]
[leffet.in/utsav/162-lsm1036.html]
[leffet.in/827-medium_default/lsm1036.jpg]
[leffet.in/827-home_default/lsm1036.jpg]
[leffet.in/828-medium_default/lsm1036.jpg]
[leffet.in/828-home_default/lsm1036.jpg]
[leffet.in/828-large_default/lsm1036.jpg]
[leffet.in/829-medium_default/lsm1036.jpg]
[leffet.in/829-home_default/lsm1036.jpg]
[leffet.in/830-medium_default/lsm1036.jpg]
[leffet.in/829-large_default/lsm1036.jpg]
[leffet.in/utsav/162-516-lsm1036.html]
[leffet.in/830-home_default/lsm1036.jpg]
[leffet.in/830-large_default/lsm1036.jpg]
[leffet.in/utsav/163-lsm1037.html]
[leffet.in/831-medium_default/lsm1037.jpg]
[leffet.in/831-home_default/lsm1037.jpg]
[leffet.in/832-medium_default/lsm1037.jpg]
[leffet.in/832-large_default/lsm1037.jpg]
[leffet.in/832-home_default/lsm1037.jpg]
[leffet.in/833-medium_default/lsm1037.jpg]
[leffet.in/833-large_default/lsm1037.jpg]
[leffet.in/833-home_default/lsm1037.jpg]
[leffet.in/834-large_default/lsm1037.jpg]
[leffet.in/834-medium_default/lsm1037.jpg]
[leffet.in/utsav/163-520-lsm1037.html]
[leffet.in/834-home_default/lsm1037.jpg]
[leffet.in/utsav/164-lsm1038.html]
[leffet.in/835-medium_default/lsm1038.jpg]
[leffet.in/835-home_default/lsm1038.jpg]
[leffet.in/836-medium_default/lsm1038.jpg]
[leffet.in/836-home_default/lsm1038.jpg]
[leffet.in/836-large_default/lsm1038.jpg]
[leffet.in/837-medium_default/lsm1038.jpg]
[leffet.in/837-home_default/lsm1038.jpg]
[leffet.in/837-large_default/lsm1038.jpg]
[leffet.in/838-medium_default/lsm1038.jpg]
[leffet.in/utsav/164-524-lsm1038.html]
[leffet.in/838-home_default/lsm1038.jpg]
[leffet.in/838-large_default/lsm1038.jpg]
[leffet.in/utsav/146-lsm1021.html]
[leffet.in/767-medium_default/lsm1021.jpg]
[leffet.in/767-home_default/lsm1021.jpg]
[leffet.in/768-medium_default/lsm1021.jpg]
[leffet.in/768-home_default/lsm1021.jpg]
[leffet.in/768-large_default/lsm1021.jpg]
[leffet.in/769-medium_default/lsm1021.jpg]
[leffet.in/769-home_default/lsm1021.jpg]
[leffet.in/770-medium_default/lsm1021.jpg]
[leffet.in/770-large_default/lsm1021.jpg]
[leffet.in/769-large_default/lsm1021.jpg]
[leffet.in/utsav/146-464-lsm1021.html]
[leffet.in/utsav/148-472-lsm1022.html]
[leffet.in/770-home_default/lsm1021.jpg]
[leffet.in/utsav/149-lsm1023.html]
[leffet.in/779-medium_default/lsm1023.jpg]
[leffet.in/779-home_default/lsm1023.jpg]
[leffet.in/780-medium_default/lsm1023.jpg]
[leffet.in/780-home_default/lsm1023.jpg]
[leffet.in/780-large_default/lsm1023.jpg]
[leffet.in/781-medium_default/lsm1023.jpg]
[leffet.in/781-home_default/lsm1023.jpg]
[leffet.in/781-large_default/lsm1023.jpg]
[leffet.in/782-medium_default/lsm1023.jpg]
[leffet.in/utsav/149-548-lsm1023.html]
[leffet.in/782-home_default/lsm1023.jpg]
[leffet.in/782-large_default/lsm1023.jpg]
[leffet.in/utsav/150-lsm1024.html]
[leffet.in/783-medium_default/lsm1024.jpg]
[leffet.in/783-home_default/lsm1024.jpg]
[leffet.in/784-medium_default/lsm1024.jpg]
[leffet.in/784-home_default/lsm1024.jpg]
[leffet.in/784-large_default/lsm1024.jpg]
[leffet.in/785-medium_default/lsm1024.jpg]
[leffet.in/785-home_default/lsm1024.jpg]
[leffet.in/786-medium_default/lsm1024.jpg]
[leffet.in/utsav/150-476-lsm1024.html]
[leffet.in/786-home_default/lsm1024.jpg]
[leffet.in/786-large_default/lsm1024.jpg]
[leffet.in/785-large_default/lsm1024.jpg]
[leffet.in/utsav/151-lsm1025.html]
[leffet.in/787-medium_default/lsm1025.jpg]
[leffet.in/787-home_default/lsm1025.jpg]
[leffet.in/788-medium_default/lsm1025.jpg]
[leffet.in/788-large_default/lsm1025.jpg]
[leffet.in/788-home_default/lsm1025.jpg]
[leffet.in/789-medium_default/lsm1025.jpg]
[leffet.in/789-home_default/lsm1025.jpg]
[leffet.in/789-large_default/lsm1025.jpg]
[leffet.in/790-medium_default/lsm1025.jpg]
[leffet.in/utsav/151-480-lsm1025.html]
[leffet.in/790-home_default/lsm1025.jpg]
[leffet.in/790-large_default/lsm1025.jpg]
[leffet.in/all-collections/152-lsm1026.html]
[leffet.in/791-medium_default/lsm1026.jpg]
[leffet.in/791-home_default/lsm1026.jpg]
[leffet.in/791-large_default/lsm1026.jpg]
[leffet.in/792-medium_default/lsm1026.jpg]
[leffet.in/792-home_default/lsm1026.jpg]
[leffet.in/793-medium_default/lsm1026.jpg]
[leffet.in/792-large_default/lsm1026.jpg]
[leffet.in/793-home_default/lsm1026.jpg]
[leffet.in/794-medium_default/lsm1026.jpg]
[leffet.in/all-collections/152-484-lsm1026.html]
[leffet.in/794-home_default/lsm1026.jpg]
[leffet.in/794-large_default/lsm1026.jpg]
[leffet.in/utsav/153-lsm1027.html]
[leffet.in/795-medium_default/lsm1027.jpg]
[leffet.in/795-home_default/lsm1027.jpg]
[leffet.in/795-large_default/lsm1027.jpg]
[leffet.in/796-medium_default/lsm1027.jpg]
[leffet.in/796-home_default/lsm1027.jpg]
[leffet.in/797-medium_default/lsm1027.jpg]
[leffet.in/797-home_default/lsm1027.jpg]
[leffet.in/798-medium_default/lsm1027.jpg]
[leffet.in/798-large_default/lsm1027.jpg]
[leffet.in/utsav/153-488-lsm1027.html]
[leffet.in/798-home_default/lsm1027.jpg]
[leffet.in/797-large_default/lsm1027.jpg]
[leffet.in/utsav/154-lsm1027.html]
[leffet.in/799-medium_default/lsm1027.jpg]
[leffet.in/799-home_default/lsm1027.jpg]
[leffet.in/800-medium_default/lsm1027.jpg]
[leffet.in/800-home_default/lsm1027.jpg]
[leffet.in/800-large_default/lsm1027.jpg]
[leffet.in/801-medium_default/lsm1027.jpg]
[leffet.in/801-home_default/lsm1027.jpg]
[leffet.in/802-medium_default/lsm1027.jpg]
[leffet.in/utsav/154-492-lsm1027.html]
[leffet.in/802-home_default/lsm1027.jpg]
[leffet.in/802-large_default/lsm1027.jpg]
[leffet.in/801-large_default/lsm1027.jpg]
[leffet.in/utsav/156-lsm1029.html]
[leffet.in/803-medium_default/lsm1029.jpg]
[leffet.in/803-home_default/lsm1029.jpg]
[leffet.in/804-medium_default/lsm1029.jpg]
[leffet.in/804-home_default/lsm1029.jpg]
[leffet.in/804-large_default/lsm1029.jpg]
[leffet.in/805-medium_default/lsm1029.jpg]
[leffet.in/805-home_default/lsm1029.jpg]
[leffet.in/806-medium_default/lsm1029.jpg]
[leffet.in/utsav/156-496-lsm1029.html]
[leffet.in/806-home_default/lsm1029.jpg]
[leffet.in/805-large_default/lsm1029.jpg]
[leffet.in/806-large_default/lsm1029.jpg]
[leffet.in/utsav/157-lsm1030.html]
[leffet.in/807-medium_default/lsm1030.jpg]
[leffet.in/807-home_default/lsm1030.jpg]
[leffet.in/808-medium_default/lsm1030.jpg]
[leffet.in/808-home_default/lsm1030.jpg]
[leffet.in/808-large_default/lsm1030.jpg]
[leffet.in/809-medium_default/lsm1030.jpg]
[leffet.in/809-home_default/lsm1030.jpg]
[leffet.in/810-medium_default/lsm1030.jpg]
[leffet.in/810-large_default/lsm1030.jpg]
[leffet.in/utsav/157-500-lsm1030.html]
[leffet.in/810-home_default/lsm1030.jpg]
[leffet.in/809-large_default/lsm1030.jpg]
[leffet.in/utsav/158-lsm1031.html]
[leffet.in/811-medium_default/lsm1031.jpg]
[leffet.in/811-home_default/lsm1031.jpg]
[leffet.in/812-medium_default/lsm1031.jpg]
[leffet.in/812-large_default/lsm1031.jpg]
[leffet.in/812-home_default/lsm1031.jpg]
[leffet.in/813-medium_default/lsm1031.jpg]
[leffet.in/813-home_default/lsm1031.jpg]
[leffet.in/813-large_default/lsm1031.jpg]
[leffet.in/814-medium_default/lsm1031.jpg]
[leffet.in/utsav/158-504-lsm1031.html]
[leffet.in/814-home_default/lsm1031.jpg]
[leffet.in/814-large_default/lsm1031.jpg]
[leffet.in/utsav/159-lsm1032.html]
[leffet.in/815-medium_default/lsm1032.jpg]
[leffet.in/815-home_default/lsm1032.jpg]
[leffet.in/816-medium_default/lsm1032.jpg]
[leffet.in/816-large_default/lsm1032.jpg]
[leffet.in/816-home_default/lsm1032.jpg]
[leffet.in/817-medium_default/lsm1032.jpg]
[leffet.in/817-home_default/lsm1032.jpg]
[leffet.in/817-large_default/lsm1032.jpg]
[leffet.in/818-medium_default/lsm1032.jpg]
[leffet.in/utsav/159-508-lsm1032.html]
[leffet.in/818-home_default/lsm1032.jpg]
[leffet.in/818-large_default/lsm1032.jpg]
[leffet.in/utsav/167-lsm1044.html]
[leffet.in/847-medium_default/lsm1044.jpg]
[leffet.in/847-large_default/lsm1044.jpg]
[leffet.in/847-home_default/lsm1044.jpg]
[leffet.in/848-medium_default/lsm1044.jpg]
[leffet.in/848-home_default/lsm1044.jpg]
[leffet.in/849-medium_default/lsm1044.jpg]
[leffet.in/849-home_default/lsm1044.jpg]
[leffet.in/850-medium_default/lsm1044.jpg]
[leffet.in/utsav/167-536-lsm1044.html]
[leffet.in/850-home_default/lsm1044.jpg]
[leffet.in/850-large_default/lsm1044.jpg]
[leffet.in/849-large_default/lsm1044.jpg]
[leffet.in/utsav/128-lsm1033.html]
[leffet.in/706-medium_default/lsm1033.jpg]
[leffet.in/706-home_default/lsm1033.jpg]
[leffet.in/707-medium_default/lsm1033.jpg]
[leffet.in/707-home_default/lsm1033.jpg]
[leffet.in/707-large_default/lsm1033.jpg]
[leffet.in/708-medium_default/lsm1033.jpg]
[leffet.in/708-home_default/lsm1033.jpg]
[leffet.in/708-large_default/lsm1033.jpg]
[leffet.in/709-medium_default/lsm1033.jpg]
[leffet.in/utsav/128-408-lsm1033.html]
[leffet.in/709-home_default/lsm1033.jpg]
[leffet.in/709-large_default/lsm1033.jpg]
[leffet.in/utsav/161-lsm1035.html]
[leffet.in/823-medium_default/lsm1035.jpg]
[leffet.in/823-home_default/lsm1035.jpg]
[leffet.in/824-medium_default/lsm1035.jpg]
[leffet.in/824-home_default/lsm1035.jpg]
[leffet.in/824-large_default/lsm1035.jpg]
[leffet.in/825-medium_default/lsm1035.jpg]
[leffet.in/825-home_default/lsm1035.jpg]
[leffet.in/826-medium_default/lsm1035.jpg]
[leffet.in/utsav/161-512-lsm1035.html]
[leffet.in/826-home_default/lsm1035.jpg]
[leffet.in/825-large_default/lsm1035.jpg]
[leffet.in/826-large_default/lsm1035.jpg]
[leffet.in/utsav/129-lsm1038.html]
[leffet.in/711-medium_default/lsm1038.jpg]
[leffet.in/711-home_default/lsm1038.jpg]
[leffet.in/712-medium_default/lsm1038.jpg]
[leffet.in/712-home_default/lsm1038.jpg]
[leffet.in/713-medium_default/lsm1038.jpg]
[leffet.in/713-home_default/lsm1038.jpg]
[leffet.in/712-large_default/lsm1038.jpg]
[leffet.in/713-large_default/lsm1038.jpg]
[leffet.in/714-medium_default/lsm1038.jpg]
[leffet.in/utsav/129-412-lsm1038.html]
[leffet.in/714-home_default/lsm1038.jpg]
[leffet.in/714-large_default/lsm1038.jpg]
[leffet.in/utsav/131-lsm1039.html]
[leffet.in/715-medium_default/lsm1039.jpg]
[leffet.in/715-large_default/lsm1039.jpg]
[leffet.in/715-home_default/lsm1039.jpg]
[leffet.in/716-medium_default/lsm1039.jpg]
[leffet.in/716-home_default/lsm1039.jpg]
[leffet.in/717-medium_default/lsm1039.jpg]
[leffet.in/717-large_default/lsm1039.jpg]
[leffet.in/717-home_default/lsm1039.jpg]
[leffet.in/718-medium_default/lsm1039.jpg]
[leffet.in/utsav/131-416-lsm1039.html]
[leffet.in/718-home_default/lsm1039.jpg]
[leffet.in/718-large_default/lsm1039.jpg]
[leffet.in/utsav/127-lp1040.html]
[leffet.in/702-medium_default/lp1040.jpg]
[leffet.in/702-large_default/lp1040.jpg]
[leffet.in/702-home_default/lp1040.jpg]
[leffet.in/703-medium_default/lp1040.jpg]
[leffet.in/703-home_default/lp1040.jpg]
[leffet.in/704-medium_default/lp1040.jpg]
[leffet.in/704-home_default/lp1040.jpg]
[leffet.in/704-large_default/lp1040.jpg]
[leffet.in/705-medium_default/lp1040.jpg]
[leffet.in/utsav/127-404-lp1040.html]
[leffet.in/705-home_default/lp1040.jpg]
[leffet.in/705-large_default/lp1040.jpg]
[leffet.in/utsav/165-lsm1042.html]
[leffet.in/839-medium_default/lsm1042.jpg]
[leffet.in/839-home_default/lsm1042.jpg]
[leffet.in/840-medium_default/lsm1042.jpg]
[leffet.in/840-large_default/lsm1042.jpg]
[leffet.in/840-home_default/lsm1042.jpg]
[leffet.in/841-medium_default/lsm1042.jpg]
[leffet.in/841-home_default/lsm1042.jpg]
[leffet.in/841-large_default/lsm1042.jpg]
[leffet.in/842-medium_default/lsm1042.jpg]
[leffet.in/842-large_default/lsm1042.jpg]
[leffet.in/utsav/165-528-lsm1042.html]
[leffet.in/2-all-collectionse563.html]
[leffet.in/2-all-collectionsf917.html]
[leffet.in/2-all-collectionsfe2d.html]
[leffet.in/2-all-collections0279.html]
[leffet.in/2-all-collections8eb3.html]
[leffet.in/2-all-collections04e6.html]
[leffet.in/842-home_default/lsm1042.jpg]
[leffet.in/18-most-lovede563.html]
[leffet.in/18-most-lovedf917.html]
[leffet.in/18-most-lovedfe2d.html]
[leffet.in/18-most-loved0279.html]
[leffet.in/18-most-loved8eb3.html]
[leffet.in/18-most-loved04e6.html]
[leffet.in/password-recovery.html]
[leffet.in/login.html]
[leffet.in/loginca5f.html]
[leffet.in/modules/wkproductsizechart/views/css/wk-size-chart-form.css]
[leffet.in/all-collections/jquery.html]
[leffet.in/utsav/jquery.html]
[leffet.in/modules/facebookpsconnect/index.html]
[leffet.in/12-dressese563.html]
[leffet.in/12-dressesf917.html]
[leffet.in/12-dressesfe2d.html]
[leffet.in/12-dresses0279.html]
[leffet.in/12-dresses8eb3.html]
[leffet.in/12-dresses04e6.html]
[leffet.in/all-collections/85-lp001.html]
[leffet.in/all-collections/88-lp003.html]
[leffet.in/all-collections/89-lp004.html]
[leffet.in/all-collections/91-lp006.html]
[leffet.in/all-collections/92-lp007.html]
[leffet.in/all-collections/96-lp0020.html]
[leffet.in/all-collections/97-lp0021.html]
[leffet.in/all-collections/98-lp0023.html]
[leffet.in/all-collections/99-lp0031.html]
[leffet.in/all-collections/101-lp0032.html]
[leffet.in/all-collections/102-lp0040.html]
[leffet.in/all-collections/87-lp002.html]
[leffet.in/all-collections/114-lp005.html]
[leffet.in/all-collections/67-lp008.html]
[leffet.in/all-collections/68-lp009.html]
[leffet.in/all-collections/72-lp0024.html]
[leffet.in/all-collections/73-lp0026.html]
[leffet.in/all-collections/74-lp0028.html]
[leffet.in/all-collections/76-lp0034.html]
[leffet.in/all-collections/77-lp0035.html]
[leffet.in/all-collections/81-lp0038.html]
[leffet.in/all-collections/71-lp0022.html]
[leffet.in/all-collections/104-lp0010.html]
[leffet.in/all-collections/105-lp0011.html]
[leffet.in/all-collections/106-lp0014.html]
[leffet.in/all-collections/107-lp0017.html]
[leffet.in/all-collections/108-lp0018.html]
[leffet.in/all-collections/109-lp0019.html]
[leffet.in/all-collections/110-lp0025.html]
[leffet.in/all-collections/111-lp0027.html]
[leffet.in/all-collections/112-lp0029.html]
[leffet.in/all-collections/113-lp0030.html]
[leffet.in/all-collections/95-lp0013.html]
[leffet.in/utsav/117-lsm1001.html]
[leffet.in/utsav/119-lsm1002.html]
[leffet.in/utsav/120-lsm1003.html]
[leffet.in/utsav/121-lsm1004.html]
[leffet.in/utsav/123-lsm1005.html]
[leffet.in/utsav/124-lsm1006.html]
[leffet.in/utsav/125-lp1019.html]
[leffet.in/utsav/126-lsm1020.html]
[leffet.in/utsav/132-lsm1007.html]
[leffet.in/utsav/133-lsm1008.html]
[leffet.in/utsav/134-lsm1009.html]
[leffet.in/utsav/135-lsm1010.html]
[leffet.in/utsav/136-lsm1011.html]
[leffet.in/utsav/137-lsm1012.html]
[leffet.in/utsav/138-lsm1013.html]
[leffet.in/utsav/139-lsm1014.html]
[leffet.in/utsav/140-lsm1015.html]
[leffet.in/utsav/141-lsm1016.html]
[leffet.in/utsav/160-lsm1033.html]
[leffet.in/utsav/143-lsm1017.html]
[leffet.in/utsav/144-lsm1018.html]
[leffet.in/utsav/166-lsm1043.html]
[leffet.in/utsav/162-lsm1036.html]
[leffet.in/utsav/163-lsm1037.html]
[leffet.in/utsav/164-lsm1038.html]
[leffet.in/utsav/146-lsm1021.html]
[leffet.in/utsav/149-lsm1023.html]
[leffet.in/utsav/150-lsm1024.html]
[leffet.in/utsav/151-lsm1025.html]
[leffet.in/all-collections/152-lsm1026.html]
[leffet.in/utsav/153-lsm1027.html]
[leffet.in/utsav/154-lsm1027.html]
[leffet.in/utsav/156-lsm1029.html]
[leffet.in/utsav/157-lsm1030.html]
[leffet.in/utsav/158-lsm1031.html]
[leffet.in/utsav/159-lsm1032.html]
[leffet.in/utsav/167-lsm1044.html]
[leffet.in/utsav/128-lsm1033.html]
[leffet.in/utsav/161-lsm1035.html]
[leffet.in/utsav/129-lsm1038.html]
[leffet.in/utsav/131-lsm1039.html]
[leffet.in/utsav/127-lp1040.html]
[leffet.in/utsav/165-lsm1042.html]
[leffet.in/login.html]
[leffet.in/modules/index.html]
